  401510     444D Code                ABBROWSE_TEXT
  405960     1133 Code                ABEIP_TEXT
  406A94     2928 Code                ABERROR_TEXT
  4093BC     608B Code                ABFILE_TEXT
  40F448      159 Code                ABFUZZY_TEXT
  40F5A4     21CC Code                ABPOPUP_TEXT
  411770     2806 Code                ABQUERY_TEXT
  413F78     1D40 Code                ABRESIZE_TEXT
  415CB8      6DE Code                ABTOOLBA_TEXT
  416398     2E25 Code                ABUTIL_TEXT
  4191C0     1D8A Code                ABWINDOW_TEXT
  41AF4C     1255 Code                BACKUPUTILITY001_TEXT
  41C1A4      ACF Code                BACKUPUTILITY002_TEXT
  41CC74     2B28 Code                BACKUPUTILITY003_TEXT
  41F79C       2C Code                BACKUPUTILITY004_TEXT
  41F7C8      A66 Code                BACKUPUTILITY005_TEXT
  420230      6E7 Code                BACKUPUTILITY_BC0_TEXT
  420918       13 Code                BACKUPUTILITY_BC_TEXT
  42092C      234 Code                BACKUPUTILITY_TEXT
  420B60       80 Code                CWSYNCHC_TEXT
  420BE0       23 Code                IEXE32_TEXT
  420C04      3B2 Code                INIT_TEXT
  420FB8       37 Code                INST00_TEXT
  420FF0     2699 Code                RESIZEANDSPLIT_TEXT
  42368C    2E8AB Code                STRINGTHEORY_TEXT
  452000     1290 Initialized Data    $DEFAULTERRORS_DATA
  453290       FB Initialized Data    ABBROWSE_CONST
  45338C      9C4 Initialized Data    ABBROWSE_DATA
  453D50       23 Initialized Data    ABEIP_CONST
  453D74       B4 Initialized Data    ABEIP_DATA
  453E28      19A Initialized Data    ABERROR_CONST
  453FC4      AD0 Initialized Data    ABERROR_DATA
  454A94       7A Initialized Data    ABFILE_CONST
  454B10      410 Initialized Data    ABFILE_DATA
  454F20       B4 Initialized Data    ABFUZZY_DATA
  454FD4       2D Initialized Data    ABPOPUP_CONST
  455004      128 Initialized Data    ABPOPUP_DATA
  45512C       C6 Initialized Data    ABQUERY_CONST
  4551F4       87 Initialized Data    ABQUERY_DATA
  45527C       30 Initialized Data    ABRESIZE_CONST
  4552AC      23F Initialized Data    ABRESIZE_DATA
  4554EC      1A0 Initialized Data    ABTOOLBA_DATA
  45568C       8D Initialized Data    ABUTIL_CONST
  45571C      2F9 Initialized Data    ABUTIL_DATA
  455A18       9B Initialized Data    ABWINDOW_DATA
  455AB4      105 Initialized Data    BACKUPUTILITY001_CONST
  455BBC      F48 Initialized Data    BACKUPUTILITY001_DATA
  456B04       99 Initialized Data    BACKUPUTILITY002_CONST
  456BA0      3D4 Initialized Data    BACKUPUTILITY002_DATA
  456F74      389 Initialized Data    BACKUPUTILITY003_CONST
  457300      360 Initialized Data    BACKUPUTILITY003_DATA
  457660       11 Initialized Data    BACKUPUTILITY004_DATA
  457674       2E Initialized Data    BACKUPUTILITY005_CONST
  4576A4      3D4 Initialized Data    BACKUPUTILITY005_DATA
  457A78       79 Initialized Data    BACKUPUTILITY_BC0_CONST
  457AF4      7C0 Initialized Data    BACKUPUTILITY_BC0_DATA
  4582B4      118 Initialized Data    BACKUPUTILITY_CONST
  4583CC      1A0 Initialized Data    BACKUPUTILITY_DATA
  45856C       48 Initialized Data    CWSYNCHC_DATA
  4585B4       44 Initialized Data    IEXE32_DATA
  4585F8       31 Initialized Data    RESIZEANDSPLIT_CONST
  45862C      305 Initialized Data    RESIZEANDSPLIT_DATA
  458934     283D Initialized Data    STRINGTHEORY_CONST
  45B174      A8C Initialized Data    STRINGTHEORY_DATA
  45BC00        0 Initialized Data    __CPPINI_CONS
  45BC00      284 Initialized Data    __CPPINI_CONST
  45BE84        4 Initialized Data    __CPPINI_END
  45BE88        0 Initialized Data    __INIVMT_CONS
  45BE88      148 Initialized Data    __INIVMT_CONST
  45BFD0        0 Initialized Data    __INIVMT_CONST_END
  45BFD0     1623 Un-initialized Data $FUZZYMATCHER_BSS
  45D5F4       40 Un-initialized Data ABEIP_BSS
  45D634      404 Un-initialized Data ABERROR_BSS
  45DA38       10 Un-initialized Data ABFILE_BSS
  45DA48        4 Un-initialized Data ABFUZZY_BSS
  45DA4C      104 Un-initialized Data ABUTIL_BSS
  45DB50      2BC Un-initialized Data BACKUPUTILITY_BSS
  45DE0C       28 Un-initialized Data STRINGTHEORY_BSS
  45E000        8 __T_L_S__DAT
  45E008      2B0 __T_L_S__DATA
  45E2B8        0 __T_L_S__DATA_END
  45E2C0        0 __T_L_S__BS
  45E2C0     28A4 __T_L_S__BSS
  460B64        0 __T_L_S__BSS_END

  401B2C KILL_@_WINDOWCOMPONENT_@_BROWSECLASS@F15WINDOWCOMPONENT
  401B3C RESET_@_WINDOWCOMPONENT_@_BROWSECLASS@F15WINDOWCOMPONENTUc
  401B50 RESETREQUIRED_@_WINDOWCOMPONENT_@_BROWSECLASS@F15WINDOWCOMPONENT
  401B60 SETALERTS_@_WINDOWCOMPONENT_@_BROWSECLASS@F15WINDOWCOMPONENT
  401B74 TAKEEVENT_@_WINDOWCOMPONENT_@_BROWSECLASS@F15WINDOWCOMPONENT
  401B88 UPDATE_@_WINDOWCOMPONENT_@_BROWSECLASS@F15WINDOWCOMPONENT
  401B9C UPDATEWINDOW_@_WINDOWCOMPONENT_@_BROWSECLASS@F15WINDOWCOMPONENT
  401BB0 DOSHOWWAITCURSOR@F11BROWSECLASSUc
  401BE8 SHOWWAITCURSOR@F11BROWSECLASSUc
  401BFC SETUSEWAITCURSOR@F11BROWSECLASSUc
  401C04 UPDATEWINDOW@F11BROWSECLASS
  401DE4 UPDATEVIEWRECORD@F11BROWSECLASS
  401EC8 UPDATETOOLBARBUTTONS@F11BROWSECLASS
  401F50 UPDATETHUMBFIXED@F11BROWSECLASS
  402100 UPDATETHUMB@F11BROWSECLASS
  4023A4 UPDATERESETS@F11BROWSECLASS
  4023B8 UPDATEBUFFER@F11BROWSECLASS
  4023F0 TAKEVCRSCROLL@F11BROWSECLASSl
  4024D8 TAKESCROLL@F11BROWSECLASSl
  40255C TAKENEWSELECTION@F11BROWSECLASS
  4025F0 TAKELOCATE@F11BROWSECLASS
  402668 TAKEKEY@F11BROWSECLASS
  40290C TAKEEVENT@F11BROWSECLASS
  40301C TAKECHOICECHANGED@F11BROWSECLASS
  403084 TAKEACCEPTEDLOCATOR@F11BROWSECLASS
  403178 GETUSEMRP@F11BROWSECLASS
  40317C SETUSEMRP@F11BROWSECLASSUc
  403180 SETUSEPOPUP@F11BROWSECLASSUc
  403184 SETSORT@F11BROWSECLASSUcUc
  4032C0 SETQUEUERECORD@F11BROWSECLASS
  4032E0 SETALERTS@F11BROWSECLASS
  4037F4 SCROLLPAGE@F11BROWSECLASSl
  4038D8 SCROLLONE@F11BROWSECLASSl
  403938 SCROLLEND@F11BROWSECLASSl
  4039B0 SAVESORT@F11BROWSECLASS
  403AA4 RESETTHUMBLIMITS@F11BROWSECLASS
  403BE0 RESETSORT@F11BROWSECLASSUc
  403C04 RESETRESETS@F11BROWSECLASS
  403C18 RESETQUEUE@F11BROWSECLASSUc
  4041C0 RESETFROMVIEW@F11BROWSECLASS
  4041F8 RESETFROMFILE@F11BROWSECLASS
  40421C RESETFROMBUFFER@F11BROWSECLASS
  40428C RESETFROMASK@F11BROWSECLASSRUcRUc
  404484 REPLACESORT@F11BROWSECLASSsb12LOCATORCLASS9STEPCLASS
  40455C RECORDS@F11BROWSECLASS
  4045C4 PREVIOUS@F11BROWSECLASS
  404610 POSTNEWSELECTION@F11BROWSECLASS
  404668 NOTIFYUPDATEERROR@F11BROWSECLASS
  404688 NEXT@F11BROWSECLASS
  4046D4 KILL@F11BROWSECLASS
  404918 INITSORT@F11BROWSECLASSUc
  40496C INIT@F11BROWSECLASS12ILISTCONTROLBi11BROWSEQUEUE15RELATIONMANAGER13WINDOWMANAGER
  404A78 INIT@F11BROWSECLASSlRsbBiBq15RELATIONMANAGER13WINDOWMANAGER
  404ADC FETCH@F11BROWSECLASSUc
  404D68 CHECKEIP@F11BROWSECLASS
  404E2C ASKRECORD@F11BROWSECLASSUc
  404E40 ASK@F11BROWSECLASSUc
  404F10 APPLYRANGE@F11BROWSECLASS
  404F7C ADDTOOLBARTARGET@F11BROWSECLASS12TOOLBARCLASS
  404FD0 ADDSORTORDER@F11BROWSECLASS9STEPCLASSBk
  40504C ADDFIELD@F11BROWSECLASSRsbRsb
  4050A8 RECORDS_@_BROWSEQUEUE_@_STANDARDBEHAVIOR@F11BROWSEQUEUE
  4050B4 INSERT_@_BROWSEQUEUE_@_STANDARDBEHAVIOR@F11BROWSEQUEUE
  4050C0 INSERT_@_BROWSEQUEUE_@_STANDARDBEHAVIOR@F11BROWSEQUEUEl
  4050CC FETCH_@_BROWSEQUEUE_@_STANDARDBEHAVIOR@F11BROWSEQUEUEl
  4050D8 UPDATE_@_BROWSEQUEUE_@_STANDARDBEHAVIOR@F11BROWSEQUEUE
  4050E4 DELETE_@_BROWSEQUEUE_@_STANDARDBEHAVIOR@F11BROWSEQUEUE
  4050F0 FREE_@_BROWSEQUEUE_@_STANDARDBEHAVIOR@F11BROWSEQUEUE
  4050FC WHO_@_BROWSEQUEUE_@_STANDARDBEHAVIOR@F11BROWSEQUEUEl
  40510C GETVIEWPOSITION_@_BROWSEQUEUE_@_STANDARDBEHAVIOR@F11BROWSEQUEUE
  405124 SETVIEWPOSITION_@_BROWSEQUEUE_@_STANDARDBEHAVIOR@F11BROWSEQUEUEsb
  40515C CHOICE_@_ILISTCONTROL_@_STANDARDBEHAVIOR@F12ILISTCONTROL
  405168 GETCONTROL_@_ILISTCONTROL_@_STANDARDBEHAVIOR@F12ILISTCONTROL
  40516C GETITEMS_@_ILISTCONTROL_@_STANDARDBEHAVIOR@F12ILISTCONTROL
  4051A0 GETVISIBLE_@_ILISTCONTROL_@_STANDARDBEHAVIOR@F12ILISTCONTROL
  4051D4 SETCHOICE_@_ILISTCONTROL_@_STANDARDBEHAVIOR@F12ILISTCONTROLl
  405228 SETCONTROL_@_ILISTCONTROL_@_STANDARDBEHAVIOR@F12ILISTCONTROLl
  40522C GETSELECTEDITEM_@_ILISTCONTROL_@_STANDARDBEHAVIOR@F12ILISTCONTROL
  405288 INIT@F16STANDARDBEHAVIORBqRsbl
  4052A0 TAKENEWSELECTION@F16BROWSEEIPMANAGER
  405338 TAKECOMPLETED@F16BROWSEEIPMANAGERUc
  405520 KILL@F16BROWSEEIPMANAGER
  405554 INIT@F16BROWSEEIPMANAGER
  405918 CLEARCOLUMN@F16BROWSEEIPMANAGER
  405960 TAKENEWSELECTION@F10EIPMANAGER
  4059D8 TAKEFOCUSLOSS@F10EIPMANAGER
  405A2C TAKEFIELDEVENT@F10EIPMANAGER
  405B7C TAKEEVENT@F10EIPMANAGER
  405C0C TAKECOMPLETED@F10EIPMANAGERUc
  405C58 TAKEACTION@F10EIPMANAGERl
  405F60 TAKEACCEPTALL@F10EIPMANAGER
  4060AC RUN@F10EIPMANAGERUc
  406144 RESETCOLUMN@F10EIPMANAGER
  40620C GETEDIT@F10EIPMANAGER
  406268 NEXT@F10EIPMANAGER
  406344 KILL@F10EIPMANAGER
  4064CC INITCONTROLS@F10EIPMANAGER
  4066D8 INIT@F10EIPMANAGER
  406748 CLEARCOLUMN@F10EIPMANAGER
  406790 ADDCONTROL@F10EIPMANAGER9EDITCLASSlUc
  4067EC CREATECONTROL@F14EDITENTRYCLASS
  406810 RESETCONTROL@F9EDITCLASS
  406814 GETFEQ@F9EDITCLASS
  406818 TAKEEVENT@F9EDITCLASSl
  406860 TAKEACCEPTED@F9EDITCLASSUc
  406878 SETREADONLY@F9EDITCLASSUc
  4068D4 SETALERTS@F9EDITCLASS
  4069D4 KILL@F9EDITCLASS
  406A04 INIT@F9EDITCLASSllRu
  406BB0 KILL_@_WINDOWCOMPONENT_@_HISTHANDLERCLASS@F15WINDOWCOMPONENT
  406BB4 RESET_@_WINDOWCOMPONENT_@_HISTHANDLERCLASS@F15WINDOWCOMPONENTUc
  406BB8 RESETREQUIRED_@_WINDOWCOMPONENT_@_HISTHANDLERCLASS@F15WINDOWCOMPONENT
  406BBC SETALERTS_@_WINDOWCOMPONENT_@_HISTHANDLERCLASS@F15WINDOWCOMPONENT
  406BC0 TAKEEVENT_@_WINDOWCOMPONENT_@_HISTHANDLERCLASS@F15WINDOWCOMPONENT
  406BC8 UPDATE_@_WINDOWCOMPONENT_@_HISTHANDLERCLASS@F15WINDOWCOMPONENT
  406BCC UPDATEWINDOW_@_WINDOWCOMPONENT_@_HISTHANDLERCLASS@F15WINDOWCOMPONENT
  406BE0 VLBPROC@F16HISTHANDLERCLASSls
  406C8C TAKEEVENT@F16HISTHANDLERCLASS
  406D54 INIT@F16HISTHANDLERCLASSBw10ERRORCLASS16ERRORHISTORYLIST
  406D60 _VLBPROC@F16HISTHANDLERCLASSls
  406D70 TAKEACCEPTED@F11MSGBOXCLASS
  406DAC SETUPADDITIONALFEQS@F11MSGBOXCLASS
  406E34 KILL@F11MSGBOXCLASS
  406E74 INIT@F11MSGBOXCLASS
  407124 INIT@F11MSGBOXCLASSBw10ERRORCLASSOsbllll
  4071BC FETCHSTDBUTTON@F11MSGBOXCLASSs
  4071F0 GETALLSTATUSVARIABLES@F10ERRORCLASS16ERRORSTATUSGROUP
  407220 GETERRORBUFFERFATALITY@F10ERRORCLASS
  407250 GETERRORBUFFERTITLE@F10ERRORCLASS
  407288 GETERRORBUFFERID@F10ERRORCLASS
  4072AC SETMESSAGETEXT@F10ERRORCLASSsb
  4072FC SETKEYNAME@F10ERRORCLASSsb
  40734C SETFIELDNAME@F10ERRORCLASSsb
  40739C SETFILENAME@F10ERRORCLASSsb
  4073EC STOREERRORENTRY@F10ERRORCLASSUs
  40751C GETHISTORYRESETONVIEW@F10ERRORCLASS
  407568 SETHISTORYRESETONVIEW@F10ERRORCLASSUc
  4075B0 GETHISTORYVIEWLEVEL@F10ERRORCLASS
  4075FC SETHISTORYVIEWLEVEL@F10ERRORCLASSl
  407644 GETHISTORYTHRESHOLD@F10ERRORCLASS
  407690 SETHISTORYTHRESHOLD@F10ERRORCLASSl
  4076D8 GETLOGERRORS@F10ERRORCLASS
  407724 GETSILENT@F10ERRORCLASS
  407770 SETDEFAULTCATEGORY@F10ERRORCLASSsa
  4077B8 GETDEFAULTCATEGORY@F10ERRORCLASS
  407804 VIEWHISTORY@F10ERRORCLASS
  407830 THROWMESSAGE@F10ERRORCLASSssb
  407880 THROW@F10ERRORCLASSs
  407894 TAKEUSER@F10ERRORCLASS
  407900 TAKEPROGRAM@F10ERRORCLASS
  407908 TAKEOTHER@F10ERRORCLASS
  407910 TAKENOTIFY@F10ERRORCLASS
  407968 TAKEFATAL@F10ERRORCLASS
  4079F8 TAKEERROR@F10ERRORCLASSs
  407BFC TAKEBENIGN@F10ERRORCLASS
  407C00 SUBSSTRING@F10ERRORCLASS
  407FDC SETPROCEDURENAME@F10ERRORCLASSOsb
  40808C GETERRORENTRY@F10ERRORCLASSUs15ERRORENTRYGROUPl
  408130 GETERRORENTRY@F10ERRORCLASSUs15ERRORENTRYGROUP
  408164 SETID@F10ERRORCLASSUsl
  40819C SETID@F10ERRORCLASSUs
  4081B8 SETKEY@F10ERRORCLASSsb
  4081F4 SETFILE@F10ERRORCLASSsb
  408230 SETFIELD@F10ERRORCLASSsb
  40826C SETERRORS@F10ERRORCLASS
  40830C SETERRORLOG@F10ERRORCLASS17ERRORLOGINTERFACE
  4083AC SETCATEGORY@F10ERRORCLASSssa
  4083F8 RESETHISTORY@F10ERRORCLASS
  408420 REMOVEERROR@F10ERRORCLASSUs
  408460 MESSAGEBOX@F10ERRORCLASSUcsbOsbOsblll
  4084F8 MSG@F10ERRORCLASSsbOsbOsblll
  408844 MESSAGE@F10ERRORCLASSsll
  4088B8 KILL@F10ERRORCLASS
  40895C INIT@F10ERRORCLASS16ERRORSTATUSCLASS
  4089B8 INIT@F10ERRORCLASS
  408A8C HISTORYMSG@F10ERRORCLASSsblll
  408C4C GETPROCEDURENAME@F10ERRORCLASS
  408D20 GETCATEGORY@F10ERRORCLASSs
  408DA8 ADDHISTORY@F10ERRORCLASS
  408DD8 ADDERRORS@F10ERRORCLASS10ERRORBLOCK
  408F84 ADDERROR@F10ERRORCLASSUsRsbRsbUcsa
  409030 DESTRUCT@F10ERRORCLASS
  40904C CONSTRUCT@F10ERRORCLASS
  409064 DESTRUCT@F16ERRORSTATUSCLASS
  409098 CONSTRUCT@F16ERRORSTATUSCLASS
  4091D0 CLOSE_@_ERRORLOGINTERFACE_@_STANDARDERRORLOGCLASS@F17ERRORLOGINTERFACEUc
  4091D8 OPEN_@_ERRORLOGINTERFACE_@_STANDARDERRORLOGCLASS@F17ERRORLOGINTERFACEUc
  4091E0 TAKE_@_ERRORLOGINTERFACE_@_STANDARDERRORLOGCLASS@F17ERRORLOGINTERFACEsb
  409284 CLOSE@F21STANDARDERRORLOGCLASSUc
  409300 OPEN@F21STANDARDERRORLOGCLASSUc
  4093A8 DESTRUCT@F21STANDARDERRORLOGCLASS
  4093B4 CONSTRUCT@F21STANDARDERRORLOGCLASS
  409600 REMOVERELATIONFILEMAPPING@F12FILESMANAGER15RELATIONMANAGER
  409620 REMOVERELATIONFILEMAPPING@F12FILESMANAGERl
  40963C REMOVEFILEMAPPING@F12FILESMANAGER11FILEMANAGER
  409658 REMOVEFILEMAPPING@F12FILESMANAGERl
  409674 NOTEUSAGE@F12FILESMANAGER11FILEMANAGERUc
  40974C NOTEOPEN@F12FILESMANAGER11FILEMANAGER
  409790 NOTECLOSE@F12FILESMANAGER11FILEMANAGER
  409820 GETRELATIONFILEMAPPING@F12FILESMANAGERl
  409858 GETFILEMAPPING@F12FILESMANAGERl
  409890 GETFILEID@F12FILESMANAGERBf
  4098A8 FINDRECORD@F12FILESMANAGER11FILEMANAGER
  409954 ADDFILEMAPPING@F12FILESMANAGER15RELATIONMANAGER
  4099B0 ADDFILEMAPPING@F12FILESMANAGER11FILEMANAGER
  409A0C DESTRUCT@F12FILESMANAGER
  409A4C CONSTRUCT@F12FILESMANAGER
  40A1A4 OPENFILE_@_IFILEOPENSERVER_@_UNTHREADEDFILEOPENSERVER@F15IFILEOPENSERVERl
  40A234 CLOSEFILE_@_IFILEOPENSERVER_@_UNTHREADEDFILEOPENSERVER@F15IFILEOPENSERVER
  40A2B4 LINK_@_IFILEOPENSERVER_@_UNTHREADEDFILEOPENSERVER@F15IFILEOPENSERVER
  40A304 RELEASE_@_IFILEOPENSERVER_@_UNTHREADEDFILEOPENSERVER@F15IFILEOPENSERVER
  40A390 INIT@F24UNTHREADEDFILEOPENSERVERBf
  40A3A4 DESTRUCT@F24UNTHREADEDFILEOPENSERVER
  40A3C8 CONSTRUCT@F24UNTHREADEDFILEOPENSERVER
  40A3F8 OPENFILE_@_IFILEOPENSERVER_@_THREADEDFILEOPENSERVER@F15IFILEOPENSERVERl
  40A424 CLOSEFILE_@_IFILEOPENSERVER_@_THREADEDFILEOPENSERVER@F15IFILEOPENSERVER
  40A434 LINK_@_IFILEOPENSERVER_@_THREADEDFILEOPENSERVER@F15IFILEOPENSERVER
  40A440 RELEASE_@_IFILEOPENSERVER_@_THREADEDFILEOPENSERVER@F15IFILEOPENSERVER
  40A44C RELEASE@F14FILEOPENSERVER
  40A478 LINK@F14FILEOPENSERVER
  40A47C INIT@F14FILEOPENSERVERBf
  40A480 DESTRUCT@F14FILEOPENSERVER
  40A488 CONSTRUCT@F14FILEOPENSERVER
  40A494 VALIDATERECORD@F11VIEWMANAGER
  40A498 UNUSEVIEW@F11VIEWMANAGER
  40A530 USEVIEW@F11VIEWMANAGER
  40A5F4 SETSORT@F11VIEWMANAGERUc
  40A620 SETORDER@F11VIEWMANAGERsb
  40A6B0 SETFILTER@F11VIEWMANAGERsbsb
  40A7EC SETFILTER@F11VIEWMANAGERsb
  40A834 SAVEBUFFERS@F11VIEWMANAGER
  40A8E4 RESTOREBUFFERS@F11VIEWMANAGER
  40A94C RESET@F11VIEWMANAGER
  40A958 RESET@F11VIEWMANAGERUc
  40A9A0 PRIMERECORD@F11VIEWMANAGERUc
  40AAE4 PREVIOUS@F11VIEWMANAGER
  40AB48 OPEN@F11VIEWMANAGER
  40ABC4 NEXT@F11VIEWMANAGER
  40AC28 KILL@F11VIEWMANAGER
  40AD80 INIT@F11VIEWMANAGERBi15RELATIONMANAGER9SORTORDER
  40ADE0 GETFREEELEMENTPOSITION@F11VIEWMANAGER
  40AE38 GETFREEELEMENTNAME@F11VIEWMANAGER
  40AE8C GETFREEELEMENTASCENDING@F11VIEWMANAGER
  40AEE4 CLEARFILESRECORD@F11VIEWMANAGER
  40AF9C CLOSE@F11VIEWMANAGERUc
  40AFB8 CLOSE@F11VIEWMANAGER
  40AFC4 APPLYRANGE@F11VIEWMANAGER
  40B190 APPLYORDER@F11VIEWMANAGER
  40B1E8 APPLYFILTER@F11VIEWMANAGER
  40B74C APPENDORDER@F11VIEWMANAGERsb
  40B82C ADDSORTORDER@F11VIEWMANAGERBk
  40B8F8 DESTRUCT@F11VIEWMANAGER
  40B90C DEFEREDADDRELATIONS@F15RELATIONMANAGER
  40B910 UPDATESECONDARY@F15RELATIONMANAGERBk18BUFFEREDPAIRSCLASSUc
  40BAA0 UPDATE@F15RELATIONMANAGERUc
  40BCB4 INSERT@F15RELATIONMANAGER
  40BE0C SETOPENRELATED@F15RELATIONMANAGER
  40BE14 SETQUICKSCAN@F15RELATIONMANAGERUcUc
  40BF20 SAVE@F15RELATIONMANAGER
  40BF68 FORCEOPEN@F15RELATIONMANAGERUc
  40BF78 OPEN@F15RELATIONMANAGERUc
  40BFA0 OPENCLOSESERVER@F15RELATIONMANAGERUcUc
  40C124 LOGOUTINSERT@F15RELATIONMANAGER
  40C1B8 LOGOUTUPDATE@F15RELATIONMANAGER
  40C224 LOGOUTPRIME@F15RELATIONMANAGER
  40C304 LOGOUTDELETE@F15RELATIONMANAGER
  40C380 KILL@F15RELATIONMANAGER
  40C404 INIT@F15RELATIONMANAGER11FILEMANAGERUc
  40C43C DELETESECONDARY@F15RELATIONMANAGERBk18BUFFEREDPAIRSCLASSUcUc
  40C6D4 DELETE@F15RELATIONMANAGERUc
  40C920 CLOSE@F15RELATIONMANAGERUc
  40C92C CASCADEUPDATES@F15RELATIONMANAGER
  40CA08 CANCELAUTOINC@F15RELATIONMANAGER
  40CA1C ADDRELATIONLINK@F15RELATIONMANAGERRsbRsb
  40CA84 ADDRELATION@F15RELATIONMANAGER15RELATIONMANAGERUcUcBk
  40CAE4 ADDRELATION@F15RELATIONMANAGER15RELATIONMANAGER
  40CB10 DEFEREDRELATIONS@F15RELATIONMANAGER
  40CB38 CONSTRUCT@F15RELATIONMANAGER
  40CB40 FUNCTIONCALLED_@_FILECALLBACKINTERFACE_@_FILEMANAGER@F21FILECALLBACKINTERFACEl6PARAMSRscRsc
  40CBEC FUNCTIONDONE_@_FILECALLBACKINTERFACE_@_FILEMANAGER@F21FILECALLBACKINTERFACEl6PARAMSRscRsc
  40CD38 POSTCREATE@F11FILEMANAGERRscRsc
  40CD40 PRECREATE@F11FILEMANAGERRscRsc
  40CD48 POSTFETCH@F11FILEMANAGERlBksbllRscRsc
  40CD6C PREFETCH@F11FILEMANAGERlBksbllRscRsc
  40CD90 POSTUPDATE@F11FILEMANAGERRscRsc
  40CD98 PREUPDATE@F11FILEMANAGERllRscRsc
  40CDA0 POSTINSERT@F11FILEMANAGERRscRsc
  40CDA8 PREINSERT@F11FILEMANAGERllRscRsc
  40CDB0 POSTDELETE@F11FILEMANAGERRscRsc
  40CDB8 PREDELETE@F11FILEMANAGERRscRsc
  40CDC0 FUNCTIONDONE@F11FILEMANAGERl6PARAMSRscRsc
  40CEF4 FUNCTIONCALLED@F11FILEMANAGERl6PARAMSRscRsc
  40D058 GETHASAUTOINC@F11FILEMANAGER
  40D060 GETAUTOINCDONE@F11FILEMANAGER
  40D068 GETMRPSIZE@F11FILEMANAGER
  40D070 SETMRPSIZE@F11FILEMANAGERUc
  40D078 GETUSEMRP@F11FILEMANAGER
  40D080 SETUSEMRP@F11FILEMANAGERUc
  40D088 DELETED@F11FILEMANAGER
  40D08C DELETERECORD@F11FILEMANAGERUc
  40D0E0 VALIDATERECORD@F11FILEMANAGERPl
  40D198 VALIDATEFIELDS@F11FILEMANAGERllPl
  40D254 VALIDATEFIELDSERVER@F11FILEMANAGERlUc
  40D2C0 TRYVALIDATEFIELD@F11FILEMANAGERl
  40D2D0 VALIDATEFIELD@F11FILEMANAGERl
  40D2E0 USEFILE@F11FILEMANAGERUc
  40D3D4 UPDATESERVER@F11FILEMANAGERUc
  40D4CC UPDATE@F11FILEMANAGER
  40D4D8 TRYUPDATE@F11FILEMANAGER
  40D4E4 TRYREGET@F11FILEMANAGERsb
  40D58C TRYPRIMEAUTOINC@F11FILEMANAGER
  40D598 TRYPREVIOUS@F11FILEMANAGER
  40D5A8 TRYOPEN@F11FILEMANAGER
  40D5B8 TRYNEXT@F11FILEMANAGER
  40D5C8 TRYINSERT@F11FILEMANAGER
  40D5D4 TRYFETCH@F11FILEMANAGERBk
  40D61C THROWMESSAGE@F11FILEMANAGERUssb
  40D670 THROW@F11FILEMANAGER
  40D694 THROW@F11FILEMANAGERUs
  40D6AC SETKEY@F11FILEMANAGERBk
  40D704 SETERRORS@F11FILEMANAGER10ERRORCLASS
  40D708 SETERROR@F11FILEMANAGERUs
  40D720 SAVEFILE@F11FILEMANAGER
  40D83C SAVEBUFFER@F11FILEMANAGER
  40D994 RESTOREFILE@F11FILEMANAGERRUs11FILEMANAGERUc
  40DAC4 RESTOREFILE@F11FILEMANAGERRUsUc
  40DAD4 RESTOREBUFFER@F11FILEMANAGERRUs11FILEMANAGERUc
  40DC44 RESTOREBUFFER@F11FILEMANAGERRUsUc
  40DC54 PRIMERECORD@F11FILEMANAGERUc
  40DD60 PRIMEFIELDS@F11FILEMANAGER
  40DD64 PRIMEAUTOINCSERVER@F11FILEMANAGERUc
  40E314 PRIMEAUTOINC@F11FILEMANAGER
  40E320 PREVIOUS@F11FILEMANAGER
  40E330 POSITION@F11FILEMANAGER
  40E3B0 OPENSERVER@F11FILEMANAGERUcUc
  40E410 OPENFILE@F11FILEMANAGERUc
  40E630 OPEN@F11FILEMANAGER
  40E640 NEXTSERVER@F11FILEMANAGERUcUc
  40E75C NEXT@F11FILEMANAGER
  40E76C KILL@F11FILEMANAGER
  40E7B0 KEYTOORDER@F11FILEMANAGERBkUc
  40E8FC ISOPENED@F11FILEMANAGER
  40E91C INSERTSERVER@F11FILEMANAGERUc
  40EB34 INSERT@F11FILEMANAGER
  40EB40 INIT@F11FILEMANAGERBf10ERRORCLASS
  40EC20 INIT@F11FILEMANAGER
  40EC5C GETOPENED@F11FILEMANAGER
  40EC64 GETNAME@F11FILEMANAGER
  40ECEC GETFIELDNAME@F11FILEMANAGERBkUc
  40ED3C GETFIELDASCENDING@F11FILEMANAGERBkUc
  40ED70 GETFIELD@F11FILEMANAGERBkUc
  40EDAC GETEOF@F11FILEMANAGER
  40EDB4 GETCOMPONENTS@F11FILEMANAGERBk
  40EDD0 FETCH@F11FILEMANAGERBk
  40EE08 EQUALBUFFER@F11FILEMANAGERRUs
  40EF44 CLOSE@F11FILEMANAGER
  40EFD8 CLEARKEY@F11FILEMANAGERBkUcUcUc
  40F088 CANCELAUTOINC@F11FILEMANAGER15RELATIONMANAGER
  40F0F8 BINDFIELDS@F11FILEMANAGER
  40F11C ADDKEY@F11FILEMANAGERBksbUc
  40F414 DESTRUCT@F11FILEMANAGER
  40F448 SETOPTION@F10FUZZYCLASSUcUc
  40F4AC KILL@F10FUZZYCLASS
  40F4B0 INIT@F10FUZZYCLASS
  40F4C4 CONSTRUCT@F10FUZZYCLASS
  40F838 TOOLBOX@F10POPUPCLASSsb
  40F8C4 SETTOOLBOX@F10POPUPCLASSsbUc
  40F930 SETICON@F10POPUPCLASSsbsb
  40F9A8 SETITEMENABLE@F10POPUPCLASSsbUc
  40FA54 SETITEM@F10POPUPCLASSllsbsb
  40FC70 RESETTOOLBOX@F10POPUPCLASS
  410078 LOCATENAME@F10POPUPCLASSsb
  4100FC KILL@F10POPUPCLASS
  410118 INIT@F10POPUPCLASS
  41014C GETNAME@F10POPUPCLASSl
  410274 GETMENUTEXT@F10POPUPCLASS
  41055C GETLASTSELECTION@F10POPUPCLASS
  41056C GETITEMS@F10POPUPCLASSUc
  410618 EXECUTEPOPUP@F10POPUPCLASSsbllUc
  4106F0 EMPTYITEMS@F10POPUPCLASS
  4106FC DELETEITEM@F10POPUPCLASSsb
  410744 CHECKMIMICS@F10POPUPCLASS
  410904 ASKTOOLBOX@F10POPUPCLASSsb
  410DA8 ASK@F10POPUPCLASSllUc
  410F04 ASK@F10POPUPCLASSll
  410F14 ADDSUBMENU@F10POPUPCLASSsbsbsb
  410FD4 ADDSUBMENU@F10POPUPCLASSsbsb
  41103C ADDMENU@F10POPUPCLASSsbUc
  411198 ADDITEMMIMIC@F10POPUPCLASSsblOsb
  411278 ADDITEMEVENT@F10POPUPCLASSsbll
  41135C ADDITEM@F10POPUPCLASSsbsbsbUc
  4113F0 ADDITEM@F10POPUPCLASSsbsb
  411460 ADDITEM@F10POPUPCLASSsb
  411EBC CLEARQUERY@F10QUERYCLASS
  411F64 GETQUERIES@F10QUERYCLASS11SECTORQUEUE
  412004 RESTORE@F10QUERYCLASSsb
  412798 TAKE@F10QUERYCLASS10POPUPCLASS
  412838 SAVE@F10QUERYCLASSsb
  412994 SETQUICKPOPUP@F10QUERYCLASS10POPUPCLASSUs
  412F4C QUOTE@F10QUERYCLASSsb
  413030 GETLIMIT@F10QUERYCLASSRscRscRUcUcRsc
  4135F4 GETFILTER@F10QUERYCLASS
  413B00 MAKEOPERATOR@FsbsbRscRsc
  413ECC MAKEOPERATOR@Fsbsb
  4140D0 SETPRIORITIES@F17WINDOWRESIZECLASS13POSITIONGROUP
  41411C SETSIZE@F17WINDOWRESIZECLASSl13POSITIONGROUP
  4141D0 GETSIZEINFO@F17WINDOWRESIZECLASSl13POSITIONGROUP
  4142E4 RESTORECONTROLS@F17WINDOWRESIZECLASS
  414338 TAKERESIZE@F17WINDOWRESIZECLASS
  414340 SETPOSITION@F17WINDOWRESIZECLASSl13POSITIONGROUP13POSITIONGROUP13POSITIONGROUP13POSITIONGROUP
  414A24 SETPARENTDEFAULT@F17WINDOWRESIZECLASS
  414D10 SETPARENTDEFAULTS@F17WINDOWRESIZECLASS
  414D4C SETPARENTCONTROL@F17WINDOWRESIZECLASSll
  414DC0 RESTOREWINDOW@F17WINDOWRESIZECLASS
  414E6C WINDOWRESIZEEND@F17WINDOWRESIZECLASS
  414E70 WINDOWRESIZEBEGIN@F17WINDOWRESIZECLASS
  414E74 RESIZECHILDREN@F17WINDOWRESIZECLASSl13POSITIONGROUP13POSITIONGROUP
  41503C RESIZE@F17WINDOWRESIZECLASSl
  415374 RESIZE@F17WINDOWRESIZECLASS
  415384 RESET@F17WINDOWRESIZECLASS
  415674 KILL@F17WINDOWRESIZECLASS
  415700 INIT@F17WINDOWRESIZECLASSUcUcUc
  415910 GETCURRENTPOS@F17WINDOWRESIZECLASSl13POSITIONGROUP
  41594C GETORIGPOS@F17WINDOWRESIZECLASSl13POSITIONGROUP
  41599C GETRESIZESTRATEGY@F17WINDOWRESIZECLASSsOUc
  415B1C GETPOSITIONSTRATEGY@F17WINDOWRESIZECLASSsOUc
  415C94 GETPARENTCONTROL@F17WINDOWRESIZECLASSl
  415CB8 TAKEEVENT@F12TOOLBARCLASSPl13WINDOWMANAGER
  415CE4 SETTARGET@F12TOOLBARCLASSl
  415D8C KILL@F12TOOLBARCLASS
  415DA4 INIT@F12TOOLBARCLASS
  415DC4 DISPLAYBUTTONS@F12TOOLBARCLASS
  415DEC ADDTARGET@F12TOOLBARCLASS13TOOLBARTARGETl
  415E20 TRYTAKETOOLBAR@F19TOOLBARLISTBOXCLASS
  415E74 TAKEEVENT@F19TOOLBARLISTBOXCLASSPl13WINDOWMANAGER
  415FBC TAKETOOLBAR@F19TOOLBARLISTBOXCLASS
  415FE0 DISPLAYBUTTONS@F19TOOLBARLISTBOXCLASS
  41600C TAKEEVENT@F13TOOLBARTARGETPl13WINDOWMANAGER
  41608C DISPLAYBUTTONS@F13TOOLBARTARGET
  416270 SETTIPS@Fsb
  416398 SETMASK@F15SELECTFILECLASSsbsb
  416414 SETMASK@F15SELECTFILECLASSsb
  416464 ASK@F15SELECTFILECLASSUc
  4165CC ADDMASK@F15SELECTFILECLASSsb
  416688 INIT@F15SELECTFILECLASS
  4166B0 UPDATEQUEUE@F8INICLASSsbsbBqRuPuPuPu
  4168D4 UPDATE@F8INICLASSsbsbsb
  416990 UPDATE@F8INICLASSsbBw
  416B70 UPDATE@F8INICLASS
  416B74 TRYFETCH@F8INICLASSsbsb
  416BEC REMOVE@F8INICLASSsbsb
  416D54 KILL@F8INICLASS
  416E8C INIT@F8INICLASSsbll
  416FA4 GETSECTORS@F8INICLASSOsbOsbOsb11SECTORQUEUE
  4171B4 GETSECTOR@F8INICLASSsbsbsb
  4172A4 GETFAMILY@F8INICLASSsbRscRscRsc
  417428 FETCHQUEUE@F8INICLASSsbsbBqRuPuPuPu
  41769C FETCHFIELD@F8INICLASSsbsbUc
  4177DC FETCH@F8INICLASSsbsbRu
  4178A0 FETCH@F8INICLASSsbBw
  417B00 FETCH@F8INICLASSsbsb
  417BD8 FETCH@F8INICLASS
  417BDC ADDSECTOR@F8INICLASSsb
  417CBC UPDATEWINDOWINFO@F8INICLASSsb10WINDOWINFO
  417F28 FETCHWINDOWINFO@F8INICLASSsb10WINDOWINFO
  4181A0 UPDATE@F8INICLASSsbsbsbsb
  41838C FETCH@F8INICLASSsbsbsbsb
  4185B0 DESTRUCT@F8INICLASS
  4185CC CONSTRUCT@F8INICLASS
  4185E0 KILL@F18BUFFEREDPAIRSCLASS
  41865C INIT@F18BUFFEREDPAIRSCLASS
  41867C EQUALRIGHTBUFFER@F18BUFFEREDPAIRSCLASSUc
  41870C EQUALLEFTBUFFER@F18BUFFEREDPAIRSCLASSUc
  418798 EQUALRIGHTBUFFER@F18BUFFEREDPAIRSCLASS
  4187A4 EQUALLEFTBUFFER@F18BUFFEREDPAIRSCLASS
  4187B0 ASSIGNRIGHTTOBUFFER@F18BUFFEREDPAIRSCLASS
  4187F8 ASSIGNLEFTTOBUFFER@F18BUFFEREDPAIRSCLASS
  41883C ASSIGNBUFFERTORIGHT@F18BUFFEREDPAIRSCLASS
  418884 ASSIGNBUFFERTOLEFT@F18BUFFEREDPAIRSCLASS
  4188C8 ADDPAIR@F18BUFFEREDPAIRSCLASSRuRu
  418968 INIT@F15FIELDPAIRSCLASS
  418984 KILL@F15FIELDPAIRSCLASS
  4189E8 EQUALLEFTRIGHT@F15FIELDPAIRSCLASS
  418A38 EQUAL@F15FIELDPAIRSCLASS
  418A40 CLEARRIGHT@F15FIELDPAIRSCLASS
  418A7C CLEARLEFT@F15FIELDPAIRSCLASS
  418AB4 ASSIGNRIGHTTOLEFT@F15FIELDPAIRSCLASS
  418AF8 ASSIGNLEFTTORIGHT@F15FIELDPAIRSCLASS
  418B3C ADDPAIR@F15FIELDPAIRSCLASSRuRu
  418B80 NEXT@F13CONSTANTCLASS
  418D3C SET@F13CONSTANTCLASSRsb
  418D90 RESET@F13CONSTANTCLASS
  418DE0 KILL@F13CONSTANTCLASS
  418E40 INIT@F13CONSTANTCLASSUc
  418E84 GETCSTRING@F13CONSTANTCLASS
  418F04 GETPSTRING@F13CONSTANTCLASS
  418F90 GETLONG@F13CONSTANTCLASS
  418FB4 GETUSHORT@F13CONSTANTCLASS
  418FDC GETSHORT@F13CONSTANTCLASS
  418FE4 GETBYTE@F13CONSTANTCLASS
  418FF8 ADDITEM@F13CONSTANTCLASSUcRu
  419034 CONSTRUCT@F13CONSTANTCLASS
  41904C REMOVEDOLLAR@Fsb
  419120 ADDDOLLAR@Fsb
  4192A4 ONCLOSEEVENTCANCELLED@F13WINDOWMANAGER
  4192BC SAVEONINSERTACTION@F13WINDOWMANAGER
  419360 SAVEONCHANGEACTION@F13WINDOWMANAGER
  419478 DELETEACTION@F13WINDOWMANAGER
  41962C CHANGEACTION@F13WINDOWMANAGER
  41999C INSERTACTION@F13WINDOWMANAGER
  419B8C TAKEDISABLEBUTTON@F13WINDOWMANAGERlUc
  419BB4 UPDATE@F13WINDOWMANAGER
  419BF0 TAKEWINDOWEVENT@F13WINDOWMANAGER
  419E18 TAKESELECTED@F13WINDOWMANAGER
  419E1C TAKEREJECTED@F13WINDOWMANAGER
  419E58 TAKENOTIFY@F13WINDOWMANAGERlll
  419E5C TAKENEWSELECTION@F13WINDOWMANAGER
  419EDC TAKEFIELDEVENT@F13WINDOWMANAGER
  419EE0 TAKEEVENT@F13WINDOWMANAGER
  41A094 TAKECLOSEEVENT@F13WINDOWMANAGER
  41A214 TAKECOMPLETED@F13WINDOWMANAGER
  41A2EC TAKEACCEPTED@F13WINDOWMANAGER
  41A3D8 SETRESPONSE@F13WINDOWMANAGERUc
  41A424 SETALERTS@F13WINDOWMANAGER
  41A4D4 SAVEHISTORY@F13WINDOWMANAGER
  41A57C RUN@F13WINDOWMANAGERUsUc
  41A580 RUN@F13WINDOWMANAGER
  41A5CC RESTOREFIELD@F13WINDOWMANAGERl
  41A6A0 RESETBUFFERS@F13WINDOWMANAGERUc
  41A704 RESET@F13WINDOWMANAGERUc
  41A78C PRIMEUPDATE@F13WINDOWMANAGER
  41A8D0 PRIMEFIELDS@F13WINDOWMANAGER
  41A8D4 POSTCOMPLETED@F13WINDOWMANAGER
  41A96C OPEN@F13WINDOWMANAGERBwBw
  41A9B4 OPEN@F13WINDOWMANAGER
  41A9F8 MODALEVENT@F13WINDOWMANAGER
  41AADC KILL@F13WINDOWMANAGER
  41AC30 INIT@F13WINDOWMANAGER
  41ACAC REMOVEITEM@F13WINDOWMANAGER15WINDOWCOMPONENT
  41ACE4 ASK@F13WINDOWMANAGER
  41AD48 ADDUPDATEFILE@F13WINDOWMANAGER11FILEMANAGER
  41AD88 ADDITEM@F13WINDOWMANAGER17WINDOWRESIZECLASS
  41AD90 ADDITEM@F13WINDOWMANAGER15WINDOWCOMPONENT
  41ADBC ADDITEM@F13WINDOWMANAGER12TOOLBARCLASS
  41ADD0 ADDITEM@F13WINDOWMANAGERlUc
  41ADF4 ADDITEM@F13WINDOWMANAGER11BROWSECLASS
  41AE1C ADDHISTORYFILE@F13WINDOWMANAGERRgRg
  41AE74 ADDHISTORYFIELD@F13WINDOWMANAGERll
  41AE9C DISABLECANCELCONTROLS@F13WINDOWMANAGER
  41AEF4 ENABLECANCELCONTROLS@F13WINDOWMANAGER
  41BE84 MAIN@F
  41CA3C BACKUPUTILITY002$UPDATEBACKUPFILES@FsbOsb
  41F56C RUNTIMEFILEMANAGER@F
  41FFE4 BACKUPUTILITY005$UPDATEPROJECTS@F
  4202D0 KILL@F20HIDE:RELATE:PROJECTS
  420318 DEFEREDADDRELATIONS@F20HIDE:RELATE:PROJECTS
  420338 INIT@F20HIDE:RELATE:PROJECTS
  420370 USEFILE@F20HIDE:ACCESS:PROJECTSUc
  42043C PRIMEFIELDS@F20HIDE:ACCESS:PROJECTS
  42047C KILL@F20HIDE:ACCESS:PROJECTS
  42049C INIT@F20HIDE:ACCESS:PROJECTS
  42051C KILL@F23HIDE:RELATE:BACKUPFILES
  420564 DEFEREDADDRELATIONS@F23HIDE:RELATE:BACKUPFILES
  420584 INIT@F23HIDE:RELATE:BACKUPFILES
  4205BC USEFILE@F23HIDE:ACCESS:BACKUPFILESUc
  4206E8 PRIMEFIELDS@F23HIDE:ACCESS:BACKUPFILES
  420728 KILL@F23HIDE:ACCESS:BACKUPFILES
  420748 INIT@F23HIDE:ACCESS:BACKUPFILES
  4207C8 BACKUPUTILITY_BC0$BACKUPUTILITY_BC0:FILESINIT@F
  4207F4 BACKUPUTILITY_BC0$BACKUPUTILITY_BC0:DCTKILL@F
  420844 BACKUPUTILITY_BC0$BACKUPUTILITY_BC0:DCTINIT@F
  420918 DCTKILL@F
  420920 DCTINIT@F
  42092C _main
  420B48 DESTRUCT@F10DICTIONARY
  420B50 CONSTRUCT@F10DICTIONARY
  420B60 GETIFACE@F15CRITICALSECTION
  420B64 DESTRUCT@F15CRITICALSECTION
  420B78 CONSTRUCT@F15CRITICALSECTION
  420B8C KILL@F17CRITICALPROCEDURE
  420BB0 INIT@F17CRITICALPROCEDURE11ISYNCOBJECT
  420BD0 DESTRUCT@F17CRITICALPROCEDURE
  420BD8 CONSTRUCT@F17CRITICALPROCEDURE
  420FB8 __thr_inst0
  420FC8 __thr_init_entry
  420FE8 __thr_init_exit
  421080 RESETSETTING@F13CSRESIZECLASS
  42111C TAKEEVENT@F13CSRESIZECLASS
  42124C OPEN@F13CSRESIZECLASS
  4212B8 CORRECTSIZING@F13CSRESIZECLASS
  42139C GETCONTROL@F13CSRESIZECLASSl
  4213D8 DELETECONTROL@F13CSRESIZECLASSl
  421464 CHANGECONTROL@F13CSRESIZECLASSlll
  42158C UPDATE@F13CSRESIZECLASSsbsbsb
  4215D0 FETCH@F13CSRESIZECLASSsbsbRu
  421600 UPDATE@F13CSRESIZECLASS
  421650 FETCH@F13CSRESIZECLASS
  4216B8 RESET@F13CSRESIZECLASS
  42182C SIZED@F13CSRESIZECLASSl
  422058 RESIZE@F13CSRESIZECLASS
  422498 REGISTER@F13CSRESIZECLASS12CSSPLITCLASS
  4224CC SETSTRATEGY@F13CSRESIZECLASSll
  422548 STRATEGY@F13CSRESIZECLASSll
  422550 SETSTRATEGY@F13CSRESIZECLASSldddd
  4227A0 STRATEGY@F13CSRESIZECLASSldddd
  4227D4 DRAWHANDLEDOTS@F13CSRESIZECLASS
  422910 DRAWHANDLELINES@F13CSRESIZECLASS
  422AF8 DRAWHANDLE@F13CSRESIZECLASS
  422B24 GRABCORNERLINES@F13CSRESIZECLASS
  422D24 INIT@F13CSRESIZECLASSsbBwUcl
  4230A8 DESTRUCT@F13CSRESIZECLASS
  423118 CONSTRUCT@F13CSRESIZECLASS
  42316C OPEN@F21CSRESIZEANDSPLITCLASS
  423178 SETPOSITION@F21CSRESIZEANDSPLITCLASSl7ERS_POS
  423228 GETPOSITION@F21CSRESIZEANDSPLITCLASSl7ERS_POS
  42336C ADDCONTROL@F21CSRESIZEANDSPLITCLASSl7ERS_POS
  4233F0 RESIZE@F21CSRESIZEANDSPLITCLASS
  4235C8 INIT@F21CSRESIZEANDSPLITCLASS
  4235CC INIT@F21CSRESIZEANDSPLITCLASSBw
  4235D0 DESTRUCT@F21CSRESIZEANDSPLITCLASS
  4235FC CONSTRUCT@F21CSRESIZEANDSPLITCLASS
  42361C TRACE@F21CSRESIZEANDSPLITCLASSsb
  426A94 SORTCASEINSENSITIVE@F14LINESGROUPTYPE14LINESGROUPTYPE
  426B0C SORTLENGTH@F14LINESGROUPTYPE14LINESGROUPTYPE
  426BAC SORTCASESENSITIVE@F14LINESGROUPTYPE14LINESGROUPTYPE
  426BFC DEFORMATUNIXTIMESTAMP@F14STRINGDEFORMATsbOsb
  42702C DEFORMATDATETEXT@F14STRINGDEFORMATlsbsbsbsb
  429494 DEFORMATDATE@F14STRINGDEFORMATsbOsb
  42B450 DEFORMATTIME@F14STRINGDEFORMATsbOsb
  42C200 DEFORMATTIMEHOURS@F14STRINGDEFORMATsbOsb
  42C288 DEFORMATNUMBER@F14STRINGDEFORMATsbOsb
  42C7E8 DEFORMATHEX@F14STRINGDEFORMATsbOsb
  42CA14 DEFORMATPATTERN@F14STRINGDEFORMATsbOsb
  42CBE8 DEFORMATSCIENTIFIC@F14STRINGDEFORMATsbOsb
  42CC44 DEFORMATVALUE@F14STRINGDEFORMATsbOsb
  42CF74 DATEFROMWEEK@F14STRINGDEFORMATsbll
  42D0E8 TRANSLATE@F14STRINGDEFORMATsb
  42D11C FORMATPATTERN@F12STRINGFORMATsb13STRINGPICTUREl
  42D228 FORMATHEX@F12STRINGFORMATsb13STRINGPICTUREl
  42D51C FORMATUNIXTIMESTAMP@F12STRINGFORMATd13STRINGPICTUREl
  42D7E8 FORMATNUMBER@F12STRINGFORMATdsbl
  42D934 FORMATTIMEHOURS@F12STRINGFORMATdsbl
  42D9D0 FORMATTIME@F12STRINGFORMATd13STRINGPICTUREl
  42EC48 FORMATTIME@F12STRINGFORMATdsbl
  42ECD4 WEEK@F12STRINGFORMATlRlRlRl
  42EE50 FORMATDATE@F12STRINGFORMATd13STRINGPICTUREl
  42F394 FORMATDATE@F12STRINGFORMATdsbl
  42F420 FORMATVALUE@F12STRINGFORMATsbOsbl
  42F954 CLARIONTOUNIXDATE@F8UNIXDATElll
  42FA54 UNIXTOCLARIONTIME@F8UNIXDATEdl
  42FB58 UNIXTOCLARIONDATE@F8UNIXDATEdl
  42FC2C TRACE@F8UNIXDATEsb
  42FCA0 _BLOCKBOUND@F13STRINGPICTUREsbsbRl
  42FCFC _BLOCKBOUND@F13STRINGPICTURERsbsbRl
  42FDFC _BLOCK@F13STRINGPICTUREsbsbRll
  42FE58 _BLOCK@F13STRINGPICTURERsbsbRll
  42FF28 TRACE@F13STRINGPICTUREsb
  42FF9C INTERPRETHEXPICTURE@F13STRINGPICTURE
  430030 INTERPRETUNIXTIMESTAMPPICTURE@F13STRINGPICTURE
  430138 INTERPRETKEYINPICTURE@F13STRINGPICTURE
  430150 INTERPRETPATTERNPICTURE@F13STRINGPICTURE
  430168 INTERPRETNUMERICPICTURE@F13STRINGPICTURE
  430184 INTERPRETSCIENTIFICPICTURE@F13STRINGPICTURE
  4301A0 INTERPRETSTRINGPICTURE@F13STRINGPICTURE
  4301F8 INTERPRETTIMEHOURSPICTURE@F13STRINGPICTURE
  430214 INTERPRETTIMEPICTURE@F13STRINGPICTURE
  430844 INTERPRETDATEPICTURE@F13STRINGPICTURE
  4312B4 INTERPRETPICTURE@F13STRINGPICTUREOsb
  431488 PARSEHEXPICTURE@F13STRINGPICTUREOsb
  4316D4 PARSEUNIXTIMESTAMPPICTURE@F13STRINGPICTUREOsb
  431B40 PARSEKEYINPICTURE@F13STRINGPICTUREOsb
  431C80 PARSEPATTERNPICTURE@F13STRINGPICTUREOsb
  431DC0 PARSENUMERICPICTURE@F13STRINGPICTUREOsb
  4321C0 PARSESCIENTIFICPICTURE@F13STRINGPICTUREOsb
  43241C PARSESTRINGPICTURE@F13STRINGPICTUREOsb
  432550 PARSETIMEHOURSPICTURE@F13STRINGPICTUREOsb
  432620 PARSETIMEPICTURE@F13STRINGPICTUREOsb
  432B00 PARSEDATEPICTURE@F13STRINGPICTUREOsb
  432E1C PARSEPICTURE@F13STRINGPICTUREOsb
  433184 CREATEHEXPICTURE@F13STRINGPICTUREl
  4331F4 CREATEUNIXTIMESTAMPPICTURE@F13STRINGPICTUREl
  43327C CREATEKEYINPICTURE@F13STRINGPICTUREl
  43338C CREATEPATTERNPICTURE@F13STRINGPICTUREl
  43349C CREATENUMERICPICTURE@F13STRINGPICTUREl
  43375C CREATESCIENTIFICPICTURE@F13STRINGPICTUREl
  433978 CREATESTRINGPICTURE@F13STRINGPICTUREl
  433AE8 CREATETIMEHOURSPICTURE@F13STRINGPICTUREl
  433B28 CREATETIMEPICTURE@F13STRINGPICTUREl
  433E48 CREATEDATEPICTURE@F13STRINGPICTUREl
  434044 CREATEPICTURE@F13STRINGPICTUREOsbl
  4341BC _IANANAMETONUMBER@F12STRINGTHEORYsb
  434880 FORMATHTML@F12STRINGTHEORY
  434DB4 ASNENCODENUMBER@F12STRINGTHEORYsbl
  434E64 ASNENCODE@F12STRINGTHEORYsbOsb
  434F60 ASNDECODE@F12STRINGTHEORYRl12STRINGTHEORYPsb
  4351DC CONVERTANSITOOEM@F12STRINGTHEORY
  435224 CONVERTOEMTOANSI@F12STRINGTHEORY
  43526C ENDSWITH@F12STRINGTHEORYsbll
  435354 STARTSWITH@F12STRINGTHEORYsbll
  43541C ISTIME@F12STRINGTHEORY
  43554C ISTIME@F12STRINGTHEORYsb
  4355E0 DEFORMATTIME@F12STRINGTHEORY
  43565C DEFORMATTIME@F12STRINGTHEORYsb
  4356E0 FORMATTIME@F12STRINGTHEORYsb
  435760 FORMATTIME@F12STRINGTHEORYsbsb
  4357F8 LINEENDINGS@F12STRINGTHEORYll
  435CB8 MERGEXML@F12STRINGTHEORYsbl
  435DE4 GUNZIP@F12STRINGTHEORY
  436148 GZIP@F12STRINGTHEORYl
  4364EC LOADNORMALIZE@F12STRINGTHEORY
  4365D8 LOADLIBS@F12STRINGTHEORY
  436790 PEEKRAM@F12STRINGTHEORY12STRINGTHEORYUlll
  436B68 PEEKRAM@F12STRINGTHEORYUlll
  436C74 PEEKRAM@F12STRINGTHEORYl
  436C88 CLEANFILENAME@F12STRINGTHEORYOsbOsb
  436DF4 URLDECODE@F12STRINGTHEORYOsbOsb
  43712C URLENCODE@F12STRINGTHEORYlOsbOsbOsb
  437B14 URLENCODE@F12STRINGTHEORYsblsbsbsb
  437C3C _COLORFROMCSL@F12STRINGTHEORYsb
  437E68 _COLORFROMHEX@F12STRINGTHEORYsb
  438058 _COLORTOHEX@F12STRINGTHEORYl
  43813C COLORTOLONG@F12STRINGTHEORYsb
  43846C COLORFROMHEX@F12STRINGTHEORYsb
  4384AC COLORTOHEX@F12STRINGTHEORYsbl
  43B2EC REPLACELAST@F12STRINGTHEORYsbsblll
  43B3D4 FINDLAST@F12STRINGTHEORYsblll
  43B42C REPLACENTH@F12STRINGTHEORYsbsbllll
  43B51C FINDNTH@F12STRINGTHEORYsbllll
  43B81C FINDCHARS@F12STRINGTHEORYsbllsb
  43B8A4 FINDCHARS@F12STRINGTHEORYsbllRsb
  43B924 FINDCHARS@F12STRINGTHEORYRsbllRsb
  43B994 FINDCHARS@F12STRINGTHEORYsbll
  43BA08 FINDCHARS@F12STRINGTHEORYRsbll
  43BA54 FINDCHARS@F12STRINGTHEORYsbl
  43BAD4 FINDCHARS@F12STRINGTHEORYRsbl
  43BB18 FINDCHARS@F12STRINGTHEORYsb
  43BB5C FINDCHARS@F12STRINGTHEORYRsb
  43BB70 FINDCHARSADDR@F12STRINGTHEORYRsbll
  43BC54 FINDENDOFSTRING@F12STRINGTHEORYlll
  43BD04 _MEMICHR@F12STRINGTHEORYlll
  43BD74 _MEMICHRS@F12STRINGTHEORYRsbll
  43BE58 _MEMCHRS@F12STRINGTHEORYRsbll
  43BF14 FINDCHAR@F12STRINGTHEORYsbllsb
  43BFB0 FINDCHAR@F12STRINGTHEORYsbll
  43C038 FINDCHAR@F12STRINGTHEORYsbl
  43C0D0 FINDCHAR@F12STRINGTHEORYsb
  43C130 UNQUOTE@F12STRINGTHEORYOsbOsb
  43C208 QUOTE@F12STRINGTHEORYOsbOsb
  43C34C INSERT@F12STRINGTHEORYlRsb
  43C554 INSERT@F12STRINGTHEORYlsb
  43C58C INSERT@F12STRINGTHEORYl12STRINGTHEORY
  43C5B4 SETSLICE@F12STRINGTHEORYllsb
  43C630 STR@F12STRINGTHEORYRsb
  43C684 STR@F12STRINGTHEORYsb
  43C6F4 STR@F12STRINGTHEORY
  43C72C REVERSEBYTEORDER@F12STRINGTHEORY
  43C738 LITTLEENDIAN@F12STRINGTHEORYUl
  43C744 BIGENDIAN@F12STRINGTHEORYUl
  43C750 SWITCHENDIAN@F12STRINGTHEORYUl
  43C788 LITTLEENDIAN@F12STRINGTHEORY
  43C7B8 BIGENDIAN@F12STRINGTHEORY
  43C7E8 _SWITCHENDIAN@F12STRINGTHEORY
  43C838 MATCHBRACKETS@F12STRINGTHEORYsbsbl
  43C988 KEEPCHARS@F12STRINGTHEORYsb
  43CACC KEEPCHARS@F12STRINGTHEORYsbsb
  43CB74 REMOVECHARS@F12STRINGTHEORYsb
  43CCA4 ISALL@F12STRINGTHEORYsbOsbl
  43CD94 ISASCII@F12STRINGTHEORY
  43CDC4 CONTAINSCHAR@F12STRINGTHEORYsbsb
  43CE40 CONTAINSCHAR@F12STRINGTHEORYsbRsb
  43CEBC CONTAINSCHAR@F12STRINGTHEORYsb
  43CF24 CONTAINSA@F12STRINGTHEORYsbOsbl
  43D010 ISALLDIGITS@F12STRINGTHEORY
  43D048 CONTAINSADIGIT@F12STRINGTHEORY
  43D080 SQUEEZE@F12STRINGTHEORYlOsbl
  43D1AC SETALL@F12STRINGTHEORYl
  43D1F4 ALL@F12STRINGTHEORYl
  43D240 SETRIGHT@F12STRINGTHEORYllOsb
  43D2BC RIGHT@F12STRINGTHEORYllOsb
  43D460 SETLEFT@F12STRINGTHEORYllOsb
  43D4DC LEFT@F12STRINGTHEORYllOsb
  43D6A4 REVERSE@F12STRINGTHEORY
  43D72C REVERSE@F12STRINGTHEORYsb
  43D7E4 TRIM@F12STRINGTHEORYOsb
  43D940 CLIP@F12STRINGTHEORY
  43D9AC TAIL@F12STRINGTHEORYl
  43D9F8 TOP@F12STRINGTHEORYl
  43DA1C REMOVEFROMPOSITION@F12STRINGTHEORYll
  43DAD4 REMOVE@F12STRINGTHEORYsbOsblll
  43DFD8 DECENTITYTOCHAR@F12STRINGTHEORY
  43E2D0 HTMLENTITYTODEC@F12STRINGTHEORY
  440148 REMOVEXMLPREFIXES@F12STRINGTHEORY
  440200 REMOVEATTRIBUTES@F12STRINGTHEORYsbl
  4403F4 COUNTWORDS@F12STRINGTHEORYllOsbl
  4404B0 WORDEND@F12STRINGTHEORYllOsbl
  4408B0 WORDSTART@F12STRINGTHEORYlllOsb
  440B00 GETWORD@F12STRINGTHEORYlllOsbl
  440B6C FINDWORD@F12STRINGTHEORYlllRlRlOsbl
  440D84 GETBYTES@F12STRINGTHEORYRusbl
  4411C8 SETBYTES@F12STRINGTHEORYRusbl
  4416F8 GETBYTES@F12STRINGTHEORYRspl
  441718 GETBYTES@F12STRINGTHEORYRsbl
  441738 GETBYTES@F12STRINGTHEORYRscl
  441758 GETBYTES@F12STRINGTHEORYRel
  44177C GETBYTES@F12STRINGTHEORYRdl
  441798 GETBYTES@F12STRINGTHEORYRfl
  4417B4 GETBYTES@F12STRINGTHEORYRUll
  4417D0 GETBYTES@F12STRINGTHEORYRll
  4417E4 GETBYTES@F12STRINGTHEORYRUsl
  441800 GETBYTES@F12STRINGTHEORYRsl
  44181C GETBYTES@F12STRINGTHEORYRUcl
  441838 SETBYTES@F12STRINGTHEORYRsp
  44185C SETBYTES@F12STRINGTHEORYRsb
  44186C SETBYTES@F12STRINGTHEORYRsc
  44188C SETBYTES@F12STRINGTHEORYRe
  4418D0 SETBYTES@F12STRINGTHEORYRd
  4418E4 SETBYTES@F12STRINGTHEORYRf
  4418F8 SETBYTES@F12STRINGTHEORYRUl
  44190C SETBYTES@F12STRINGTHEORYRl
  441920 SETBYTES@F12STRINGTHEORYRUs
  441934 SETBYTES@F12STRINGTHEORYRs
  441948 SETBYTES@F12STRINGTHEORYRUc
  44195C FROMBYTES@F12STRINGTHEORYRsbRspl
  441980 FROMBYTES@F12STRINGTHEORYRsbRsbl
  4419A4 FROMBYTES@F12STRINGTHEORYRsbRscl
  4419C8 FROMBYTES@F12STRINGTHEORYRsbRel
  441A14 FROMBYTES@F12STRINGTHEORYRsbRdl
  441A4C FROMBYTES@F12STRINGTHEORYRsbRfl
  441A84 FROMBYTES@F12STRINGTHEORYRsbRUll
  441ABC FROMBYTES@F12STRINGTHEORYRsbRll
  441AF4 FROMBYTES@F12STRINGTHEORYRsbRUsl
  441B2C FROMBYTES@F12STRINGTHEORYRsbRsl
  441B64 FROMBYTES@F12STRINGTHEORYRsbRUcl
  441B9C TOBYTES@F12STRINGTHEORYRsbRsbl
  441BC0 TOBYTES@F12STRINGTHEORYRspRsbl
  441BEC TOBYTES@F12STRINGTHEORYRscRsbl
  441C10 TOBYTES@F12STRINGTHEORYReRsbl
  441C30 TOBYTES@F12STRINGTHEORYRdRsbl
  441C68 TOBYTES@F12STRINGTHEORYRfRsbl
  441CA0 TOBYTES@F12STRINGTHEORYRUlRsbl
  441CD8 TOBYTES@F12STRINGTHEORYRlRsbl
  441D10 TOBYTES@F12STRINGTHEORYRUsRsbl
  441D44 TOBYTES@F12STRINGTHEORYRsRsbl
  441D78 TOBYTES@F12STRINGTHEORYRUcRsbl
  441DA8 STRCPY@F12STRINGTHEORYRsbRsbl
  441E54 WRAPTEXT@F12STRINGTHEORYlll
  44246C FROMHEX@F12STRINGTHEORY
  442554 TOHEX@F12STRINGTHEORYll
  442670 HEXTOSTRING@F12STRINGTHEORYsb
  4428C0 STRINGTOHEX@F12STRINGTHEORYsbll
  442904 STRINGTOHEX@F12STRINGTHEORYRsbll
  442A14 LONGTOHEX@F12STRINGTHEORYl
  442AC4 HEXTOBYTE@F12STRINGTHEORYsb
  442B18 BYTETOHEX@F12STRINGTHEORYUc
  442B78 BASETODEC@F12STRINGTHEORYsbl
  442C8C DECTOBASE@F12STRINGTHEORYlll
  442DD8 NORMALIZE@F12STRINGTHEORYll
  4430AC UTF16TOUTF8CHAR@F12STRINGTHEORYsbRl
  44330C DECODEHEXINLINE@F12STRINGTHEORYsbll
  4434E4 DECODEHEXINLINE@F12STRINGTHEORYl
  443558 TOUNICODE@F12STRINGTHEORYll
  443704 TOANSI@F12STRINGTHEORYlll
  4438E8 TOANSI@F12STRINGTHEORYll
  443AF8 APIANSITOUTF8@F12STRINGTHEORYRsbRl
  443B2C APIUTF8TOANSI@F12STRINGTHEORYRsbRl
  443B60 ANSITOUTF8@F12STRINGTHEORYRsbRll
  443C70 UTF8TOANSI@F12STRINGTHEORYRsbRll
  443D6C UTF16TO8@F12STRINGTHEORYRsbRll
  443EE8 UTF8TO16@F12STRINGTHEORYRsbRl
  444020 UTF16TOANSI@F12STRINGTHEORYRsbRllUl
  444198 ANSITOUTF16@F12STRINGTHEORYRsbRlUl
  4442E0 LONGDIVISION@F12STRINGTHEORYlRll
  444460 CHANGEBASE@F12STRINGTHEORYll
  444550 FROMBLOB@F12STRINGTHEORYBb
  44464C TOBLOB@F12STRINGTHEORYBb
  444764 SETAFTERNTH@F12STRINGTHEORYsblllll
  444820 SETAFTERLAST@F12STRINGTHEORYsbllll
  4448EC SETAFTER@F12STRINGTHEORYsbllll
  444A5C AFTERNTH@F12STRINGTHEORYsbllll
  444AF8 AFTERLAST@F12STRINGTHEORYsblll
  444BB4 AFTER@F12STRINGTHEORYsblll
  444D18 FINDBETWEENPOSITION@F12STRINGTHEORYsbsbRlRlll
  444FA0 SETBETWEEN@F12STRINGTHEORYsbsblllll
  44508C FINDBETWEEN@F12STRINGTHEORYsbsbRlRlll
  445138 BETWEEN@F12STRINGTHEORYsbsbllll
  4451BC SETBEFORENTH@F12STRINGTHEORYsblllll
  445278 SETBEFORELAST@F12STRINGTHEORYsbllll
  44533C SETBEFORE@F12STRINGTHEORYsbllll
  4454A8 BEFORENTH@F12STRINGTHEORYsbllll
  44552C BEFORELAST@F12STRINGTHEORYsblll
  4455D0 BEFORE@F12STRINGTHEORYsblll
  44571C ADDBOM@F12STRINGTHEORYl
  445808 SETENCODINGFROMBOM@F12STRINGTHEORYl
  445904 SAVEFILEA@F12STRINGTHEORYsbsbl
  445968 SAVEFILE@F12STRINGTHEORYRsbsbll
  445BD8 SAVEFILE@F12STRINGTHEORYsbl
  445C54 LOADFILE@F12STRINGTHEORYsblll
  4460A0 URLPARAMETER@F12STRINGTHEORYsbOsb
  446380 URLPARAMETERSONLY@F12STRINGTHEORYOsb
  4464EC URLFILEONLY@F12STRINGTHEORYOsb
  446708 URLPATHONLY@F12STRINGTHEORYOsbl
  4468F4 URLPORTONLY@F12STRINGTHEORYOsb
  446AD0 URLHOSTONLY@F12STRINGTHEORYOsbl
  446CDC URLPROTOCOLONLY@F12STRINGTHEORYOsb
  446E0C PATHONLY@F12STRINGTHEORYOsb
  446F2C FILENAMEONLY@F12STRINGTHEORYOsbl
  4471BC LOWER@F12STRINGTHEORYOsbOsb
  44735C UPPER@F12STRINGTHEORYOsbOsb
  4474FC TRACE@F12STRINGTHEORYOsb
  447620 TRACE@F12STRINGTHEORYBq
  447720 TOCSTRING@F12STRINGTHEORY
  4477D0 GETCODEPAGEFROMCHARSET@F12STRINGTHEORYOl
  447890 SUB@F12STRINGTHEORYll
  447924 FILTER@F12STRINGTHEORYsbsbll
  447C60 SORT@F12STRINGTHEORYl
  447CA0 SORT@F12STRINGTHEORYlsbOsbOsbll
  447DA8 SPLITBETWEEN@F12STRINGTHEORYsbsbll
  447EF4 SPLITBYMATCH@F12STRINGTHEORYsbl
  44801C SPLITEVERY@F12STRINGTHEORYl
  4480A8 SPLIT@F12STRINGTHEORYsbOsbOsblllOsbl
  44820C SLICE@F12STRINGTHEORYll
  448280 ADJUSTLENGTH@F12STRINGTHEORYl
  4482B4 SETLENGTH@F12STRINGTHEORYll
  44840C REMOVEHTML@F12STRINGTHEORY
  448568 REPLACESINGLECHARS@F12STRINGTHEORYsbsbl
  44863C REPLACESINGLECHARS@F12STRINGTHEORYsbsb
  448720 REPLACEEXCEPTBETWEEN@F12STRINGTHEORYsbOsbsbsbllll
  448AD8 REPLACEBETWEEN@F12STRINGTHEORYsbOsbsbsblllll
  448EDC REPLACE@F12STRINGTHEORYsbsbllll
  449210 REPLACE@F12STRINGTHEORYsbsblllll
  4493D4 RECORDS@F12STRINGTHEORY
  4493EC MAKEGUID@F12STRINGTHEORYll
  44941C SETRANDOM@F12STRINGTHEORYllOsb
  449974 RANDOM@F12STRINGTHEORYllOsb
  4499EC SEEDRANDOM@F12STRINGTHEORY
  449A40 PREPEND@F12STRINGTHEORY12STRINGTHEORY
  449A68 PREPEND@F12STRINGTHEORY12STRINGTHEORYsb
  449AC4 PREPEND@F12STRINGTHEORYRsb
  449BC0 PREPEND@F12STRINGTHEORYsb
  449BF8 PREPEND@F12STRINGTHEORYsblsb
  449E68 PREPEND@F12STRINGTHEORYsbl
  449F00 MD5@F12STRINGTHEORYlPsbl
  449FB0 _MALLOC@F12STRINGTHEORYlll
  44A128 CHARS@F12STRINGTHEORYlOsb
  44A258 LEN@F12STRINGTHEORY
  44A25C LENGTHA@F12STRINGTHEORY
  44A260 LENGTH@F12STRINGTHEORY
  44A264 JOIN@F12STRINGTHEORYsbOsbOsbl
  44A6A8 SERIALIZEGROUP@F12STRINGTHEORYRg12STRINGTHEORYOsbOsbll
  44AB40 SERIALIZEQUEUE@F12STRINGTHEORYBqOsb12STRINGTHEORYOsbOsbll
  44AD98 SERIALIZEGROUP@F12STRINGTHEORYRgOsbOsbOsbll
  44AF1C SERIALIZEQUEUE@F12STRINGTHEORYBqOsbOsbOsbOsbll
  44B0B0 REMOVELINES@F12STRINGTHEORYOsb
  44B1AC DELETELINE@F12STRINGTHEORYl
  44B218 ADDLINE@F12STRINGTHEORYRsb
  44B22C ADDLINE@F12STRINGTHEORYsb
  44B264 ADDLINE@F12STRINGTHEORYlRsb
  44B33C ADDLINE@F12STRINGTHEORYlsb
  44B374 SETLINE@F12STRINGTHEORYl12STRINGTHEORY
  44B3A4 SETLINE@F12STRINGTHEORYlRsb
  44B4C4 SETLINE@F12STRINGTHEORYlsb
  44B4FC INLINE@F12STRINGTHEORYsblllllll
  44B928 GETBUFFERLENGTH@F12STRINGTHEORY
  44B92C GETLINE@F12STRINGTHEORYl
  44B9DC GETVAL@F12STRINGTHEORY
  44B9F0 GETVALUE@F12STRINGTHEORYl
  44BA44 GETVALUE@F12STRINGTHEORY
  44BA7C FORMATMESSAGE@F12STRINGTHEORYl
  44BAC8 EXTENSIONONLY@F12STRINGTHEORYOsb
  44BBFC ERRORTRAP@F12STRINGTHEORYsbsbUc
  44BD74 CAPITALIZE@F12STRINGTHEORYlllOsb
  44BF38 COUNT@F12STRINGTHEORYsbllllll
  44C2BC FINDMATCHPOSITION@F12STRINGTHEORYsbRlRlll
  44C450 FINDMATCH@F12STRINGTHEORYsbRlRlll
  44C4DC MATCH@F12STRINGTHEORYsbllll
  44C5CC INSTRING@F12STRINGTHEORYsblllll
  44CB0C INSTRING@F12STRINGTHEORYsbllll
  44CBB0 INSTRING@F12STRINGTHEORYRsblll
  44CC18 INSTRING@F12STRINGTHEORYsblll
  44CCB0 INSTRING@F12STRINGTHEORYRsbll
  44CD48 INSTRING@F12STRINGTHEORYsbll
  44CE2C INSTRING@F12STRINGTHEORYRsbl
  44CE88 INSTRING@F12STRINGTHEORYsbl
  44CF20 INSTRING@F12STRINGTHEORYRsb
  44CF54 INSTRING@F12STRINGTHEORYsb
  44CFBC CROP@F12STRINGTHEORYll
  44D05C CLIPLENGTH@F12STRINGTHEORY
  44D09C CLIPLEN@F12STRINGTHEORY
  44D0A8 FREELINES@F12STRINGTHEORY
  44D0F8 FREE@F12STRINGTHEORYll
  44D1A0 ZEROXDECODE@F12STRINGTHEORY
  44D2D8 ZEROXENCODE@F12STRINGTHEORY
  44D434 XMLDECODE@F12STRINGTHEORY
  44D57C XMLENCODE@F12STRINGTHEORYl
  44D6C4 JSONDECODE@F12STRINGTHEORY
  44DBB4 JSONENCODE@F12STRINGTHEORYl
  44DFD8 ENCODEDWORDENCODE@F12STRINGTHEORYOsbl
  44E1C8 ENCODEDWORDDECODE@F12STRINGTHEORY
  44E804 QUOTEDPRINTABLEDECODE@F12STRINGTHEORY
  44E880 QUOTEDPRINTABLEENCODE@F12STRINGTHEORY
  44EA68 BASE85DECODE@F12STRINGTHEORY
  44EDD4 BASE85ENCODE@F12STRINGTHEORYl
  44F330 BASE64DECODE@F12STRINGTHEORYRsbRl
  44F584 BASE64DECODE@F12STRINGTHEORY
  44F5EC BASE64ENCODE@F12STRINGTHEORYRsbRl
  44FB50 BASE64ENCODE@F12STRINGTHEORYl
  44FDD0 GETADDRESS@F12STRINGTHEORY
  44FDD4 GETVALUEPTR@F12STRINGTHEORY
  44FE14 ABBREVIATE@F12STRINGTHEORYlll
  44FF3C ASSIGN@F12STRINGTHEORYsb
  44FF70 ASSIGN@F12STRINGTHEORYRsb
  44FF80 _STEALVALUE@F12STRINGTHEORY12STRINGTHEORY
  450024 _SETVALUEPOINTER@F12STRINGTHEORYllll
  45018C _GETNEXTBUFFERSIZE@F12STRINGTHEORYl
  450230 EQUALS@F12STRINGTHEORYsbl
  450300 EQUALS@F12STRINGTHEORY12STRINGTHEORYl
  4503DC _EQUALSUNICODE@F12STRINGTHEORY12STRINGTHEORYl
  45054C _EQUALSUNICODE@F12STRINGTHEORYRsbl
  45060C SETVALUEBYADDRESS@F12STRINGTHEORYll
  450780 SETVALUE@F12STRINGTHEORYRsbl
  450930 SETVALUE@F12STRINGTHEORYsbl
  450960 SETVALUE@F12STRINGTHEORY12STRINGTHEORY
  450A60 CATADDR@F12STRINGTHEORYll
  450BEC CAT@F12STRINGTHEORYRsbl
  450CD0 CAT@F12STRINGTHEORYRsb
  450DB8 CAT@F12STRINGTHEORYsbl
  450E80 CAT@F12STRINGTHEORYsb
  450F44 CAT@F12STRINGTHEORY12STRINGTHEORYl
  451020 CAT@F12STRINGTHEORY12STRINGTHEORY
  4510F4 APPEND@F12STRINGTHEORY12STRINGTHEORY
  4511C8 APPEND@F12STRINGTHEORY12STRINGTHEORYsb
  45120C APPEND@F12STRINGTHEORY12STRINGTHEORYlsb
  4512F8 APPEND@F12STRINGTHEORYRsblsb
  451500 APPEND@F12STRINGTHEORYsblsb
  451590 APPEND@F12STRINGTHEORYRsbl
  451610 APPEND@F12STRINGTHEORYsbl
  451668 APPEND@F12STRINGTHEORYRsb
  451750 APPEND@F12STRINGTHEORYsb
  451814 APPENDBINARY@F12STRINGTHEORYll
  45183C APPENDA@F12STRINGTHEORYsblOsb
  4518DC FLUSH@F12STRINGTHEORY12STRINGTHEORY
  451908 FLUSH@F12STRINGTHEORYRsb
  4519A0 FLUSH@F12STRINGTHEORYsb
  4519D8 FLUSH@F12STRINGTHEORY
  451A9C FLUSHANDKEEP@F12STRINGTHEORY
  451B2C NOSTREAM@F12STRINGTHEORY
  451B44 STREAM@F12STRINGTHEORYsbll
  451DE0 START@F12STRINGTHEORYl
  451EA8 DESTRUCT@F12STRINGTHEORY
  451F04 CONSTRUCT@F12STRINGTHEORY
  452000 $DEFAULTERRORS
  45338C TYPE$BROWSECLASS
  453774 TYPE$BROWSEEIPMANAGER
  453A48 VMT$BROWSEEIPMANAGER
  453AF0 VMT$BROWSECLASS
  453CC4 TYPE$STANDARDBEHAVIOR
  453D00 VMT$STANDARDBEHAVIOR
  453D74 TYPE$COLORMAP
  453DA0 TCB$COLORMAP
  453DB0 TYPE$EDITENTRYCLASS
  453DF8 VMT$EDITENTRYCLASS
  453FC4 STDERRORFILE$TYPE$RECORD
  453FDC $STDERRORFILE
  454058 TYPE$PNQ
  454078 TYPE$DEFAULTERRORS
  4542F8 TYPE$HISTHANDLERCLASS
  454340 VMT$HISTHANDLERCLASS
  454370 TYPE$MSGBOXCLASS
  4545E8 VMT$MSGBOXCLASS
  454674 TYPE$ERRORCLASS
  4548E0 VMT$ERRORCLASS
  454930 TYPE$STANDARDERRORLOGCLASS
  454968 VMT$STANDARDERRORLOGCLASS
  454980 TYPE$ERRORSTATUSCLASS
  454A88 VMT$ERRORSTATUSCLASS
  454B10 TYPE$UNTHREADEDFILEOPENERMAP
  454B34 TCB$UNTHREADEDFILEOPENERMAP
  454B44 TYPE$FILESMANAGER
  454B88 VMT$FILESMANAGER
  454B94 TYPE$FILEMAPPING_T
  454BC0 TYPE$FILEMAPPING_R
  454BF0 TYPE$STATUSQ_T
  454C58 TYPE$UNTHREADEDFILEOPENSERVER
  454CB4 VMT$UNTHREADEDFILEOPENSERVER
  454CD8 TYPE$THREADEDFILEOPENSERVER
  454D18 VMT$THREADEDFILEOPENSERVER
  454F20 TYPE$FUZZYCLASS
  454FC8 VMT$FUZZYCLASS
  455004 TYPE$POPUPITEMQUEUE
  455074 TYPE$POPUPCLASS
  455120 VMT$POPUPCLASS
  4551F4 TYPE$FIELDQUEUE
  4552AC TYPE$WINDOWRESIZECLASS
  4554EC TYPE$TOOLBARTARGETQUEUE
  455508 $LISTBOXTIPS
  4555C4 TYPE$TOOLBARCLASS
  4555DC VMT$TOOLBARCLASS
  4555F4 TYPE$TOOLBARLISTBOXCLASS
  455670 VMT$TOOLBARLISTBOXCLASS
  455734 TYPE$CONSTDESCRIPTORLIST
  45575C TYPE$CONSTANTCLASS
  4557FC VMT$CONSTANTCLASS
  455808 TYPE$SELECTFILECLASS
  455894 VMT$SELECTFILECLASS
  4558A0 TYPE$INICLASS
  4558E8 VMT$INICLASS
  455974 TYPE$BUFFEREDPAIRSCLASS
  455998 VMT$BUFFEREDPAIRSCLASS
  4559D0 TYPE$FIELDPAIRSCLASS
  4559E8 VMT$FIELDPAIRSCLASS
  455A18 TYPE$FILELIST
  455A3C TYPE$HISTORYLIST
  455A74 TYPE$BUTTONLIST
  455A98 TYPE$COMPONENTLIST
  457AF4 TYPE$HIDE:RELATE:PROJECTS
  457B98 VMT$HIDE:RELATE:PROJECTS
  457BD4 TYPE$HIDE:ACCESS:PROJECTS
  457DE4 VMT$HIDE:ACCESS:PROJECTS
  457ED4 TYPE$HIDE:RELATE:BACKUPFILES
  457F78 VMT$HIDE:RELATE:BACKUPFILES
  457FB4 TYPE$HIDE:ACCESS:BACKUPFILES
  4581C4 VMT$HIDE:ACCESS:BACKUPFILES
  4583CC GTOPSPEEDFILE$TYPE$__GTPS:RECORD
  4583E8 $GTOPSPEEDFILE
  45843C TYPE$DICTIONARY
  45844C VMT$DICTIONARY
  458458 PROJECTS$TYPE$PRO:RECORD
  4584D0 BACKUPFILES$TYPE$BAC:RECORD
  45856C TYPE$CRITICALSECTION
  458584 VMT$CRITICALSECTION
  458590 TYPE$CRITICALPROCEDURE
  4585A8 VMT$CRITICALPROCEDURE
  4586AC TYPE$CSRESIZECLASS
  45B2A4 TYPE$STRINGDEFORMAT
  45B2B4 TYPE$STRINGTHEORY
  45B3F4 TYPE$STRINGFORMAT
  45B404 TYPE$STRINGPICTURE
  45B520 VMT$STRINGPICTURE
  45B5C4 VMT$STRINGFORMAT
  45B60C VMT$STRINGTHEORY
  45BBB4 VMT$STRINGDEFORMAT
  45BE88 VMTP$DICTIONARY
  45BED8 VMTP$HIDE:RELATE:PROJECTS
  45BEE0 VMTP$HIDE:ACCESS:PROJECTS
  45BEE8 VMTP$HIDE:RELATE:BACKUPFILES
  45BEF0 VMTP$HIDE:ACCESS:BACKUPFILES
  45BEF8 VMTP$FILESMANAGER
  45BF00 VMTP$UNTHREADEDFILEOPENSERVER
  45BF08 VMTP$THREADEDFILEOPENSERVER
  45BF10 VMTP$CONSTANTCLASS
  45BF18 VMTP$SELECTFILECLASS
  45BF20 VMTP$INICLASS
  45BF28 VMTP$BUFFEREDPAIRSCLASS
  45BF30 VMTP$FIELDPAIRSCLASS
  45BF38 VMTP$POPUPCLASS
  45BF40 VMTP$TOOLBARCLASS
  45BF48 VMTP$TOOLBARLISTBOXCLASS
  45BF50 VMTP$EDITENTRYCLASS
  45BF58 VMTP$BROWSEEIPMANAGER
  45BF60 VMTP$BROWSECLASS
  45BF68 VMTP$STANDARDBEHAVIOR
  45BF70 VMTP$HISTHANDLERCLASS
  45BF78 VMTP$MSGBOXCLASS
  45BF80 VMTP$ERRORCLASS
  45BF88 VMTP$STANDARDERRORLOGCLASS
  45BF90 VMTP$ERRORSTATUSCLASS
  45BF98 VMTP$FUZZYCLASS
  45BFA0 VMTP$STRINGTHEORY
  45BFA8 VMTP$STRINGFORMAT
  45BFB0 VMTP$STRINGPICTURE
  45BFB8 VMTP$STRINGDEFORMAT
  45BFC0 VMTP$CRITICALSECTION
  45BFC8 VMTP$CRITICALPROCEDURE
  45BFD0 $FUZZYMATCHER
  45D5F4 $COLORMAP
  45D62C $MULTIWINDOW
  45D630 $TXTWINDOW
  45D634 $WINDOW
  45D638 STDERRORFILE$RECORD
  45DA38 $UNTHREADEDFILEOPENERMAP
  45DA40 $CREATEOPENERCRIT
  45DB50 $GLO:ST
  45DB94 $GLO:CMDAPPNAME
  45DBB4 $GLO:DEFAULTOUTPUTPATH
  45DCB4 $GLOBALERRORS
  45DCE8 $INIMGR
  45DE00 GTOPSPEEDFILE$__GTPS:RECORD
  45DE04 $DS_FMINITED
  45DE08 $DS_VERSIONMODIFIER
  45DE0C stNormalizeString
  45DE10 $HNORMALIZ
  45DE14 stInflateEnd
  45DE18 stInflate
  45DE1C stInflateInit2_
  45DE20 stDeflateEnd
  45DE24 stDeflate
  45DE28 stDeflateInit2_
  45DE2C $HZLIB
  45DE30 $SEEDED
  45E008 PROJECTS$PRO:PKPROJGUIDKEY
  45E02C PROJECTS$PRO:PROJDESCRIPTIONKEY
  45E050 KEYS$PROJECTS
  45E058 $PROJECTS
  45E0AC BACKUPFILES$BAC:PFBACGUIDKEY
  45E0D0 BACKUPFILES$BAC:FKPROJGUIDKEY
  45E0F4 BACKUPFILES$BAC:BACDESCRIPTIONKEY
  45E118 BACKUPFILES$BAC:BACAPPNAMEKEY
  45E13C KEYS$BACKUPFILES
  45E14C $BACKUPFILES
  45E260 $EPOC
  45E2C0 $GLOBALERRORSTATUS
  45F6E4 $GLOBALREQUEST
  45F6E8 $GLOBALRESPONSE
  45F6EC $VCRREQUEST
  45F6F0 $DICTIONARY
  45F6F4 PROJECTS$PRO:RECORD
  45FA20 BACKUPFILES$BAC:RECORD
  45FC88 $DS_FM_UPGRADING
  45FC8C $RELATE:PROJECTS
  45FC90 $ACCESS:PROJECTS
  45FC94 $RELATE:BACKUPFILES
  45FC98 $ACCESS:BACKUPFILES
  460248 BACKUPUTILITY_BC0$_HIDE:RELATE:PROJECTS
  46024C BACKUPUTILITY_BC0$_HIDE:ACCESS:PROJECTS
  460250 BACKUPUTILITY_BC0$_HIDE:RELATE:BACKUPFILES
  460254 BACKUPUTILITY_BC0$_HIDE:ACCESS:BACKUPFILES
  460258 $FILESMANAGER
  460270 $SZDBTEXTLOG
  461000 __import_section_start
  463134 __import_section_end

Imports
ClaASC.dll:ASCII 461094
CLAFM3:ds_AddDriver 4610C4
CLAFM3:ds_DoFullUpgrade 4610C8
CLAFM3:ds_FileOpen 4610CC,401000
CLAFM3:ds_IgnoreDriver 4610D0
CLAFM3:ds_MakeTPE 4610D4
CLAFM3:ds_PassHandleForUpgrading 4610D8
CLAFM3:ds_SetOption 4610DC
CLAFM3:ds_UpGradeFileEx 4610E0
CLAFM3:ds_UsingFileEx 4610E4
ClaRUN.dll:Cla$ACCEPTED 46151C,401008
ClaRUN.dll:Cla$ADDqueue 461520
ClaRUN.dll:Cla$ADDqueuekey 461524,401010
ClaRUN.dll:Cla$ADDqueueptr 461528
ClaRUN.dll:Cla$AssignLong2RefUfo 46152C
ClaRUN.dll:Cla$AssignReal2RefUfo 461530
ClaRUN.dll:Cla$AssignRefUfo 461534
ClaRUN.dll:Cla$BEEP 461538,401018
ClaRUN.dll:Cla$BindG 46153C
ClaRUN.dll:Cla$BLOB_GET_PROPERTY 461540
ClaRUN.dll:Cla$BLOB_SET_PROPERTY 461544
ClaRUN.dll:Cla$BLOB_TAKE 461548
ClaRUN.dll:Cla$BLOB_YIELD 46154C
ClaRUN.dll:Cla$BOX 461550,401020
ClaRUN.dll:Cla$CHOICE 461554,401028
ClaRUN.dll:Cla$CLEAR 461558
ClaRUN.dll:Cla$CLEARqueue 46155C
ClaRUN.dll:Cla$clearstr 461560
ClaRUN.dll:Cla$ClearType 461564
ClaRUN.dll:Cla$ClearUfo 461568
ClaRUN.dll:Cla$CLOCK 46156C,401030
ClaRUN.dll:Cla$CloneUfo 461570
ClaRUN.dll:Cla$CLOSEwindow 461574,401038
ClaRUN.dll:Cla$code 461578
ClaRUN.dll:Cla$COMMIT 46157C,401040
ClaRUN.dll:Cla$comparestr 461580
ClaRUN.dll:Cla$CONVERTANSITOOEM 461584,401048
ClaRUN.dll:Cla$CONVERTOEMTOANSI 461588,401050
ClaRUN.dll:Cla$CREATE 46158C
ClaRUN.dll:Cla$DATE 461590,401058
ClaRUN.dll:Cla$DecAdd 461594
ClaRUN.dll:Cla$DecCompareN 461598
ClaRUN.dll:Cla$DecDistinct 46159C
ClaRUN.dll:Cla$DecDistinctR 4615A0
ClaRUN.dll:Cla$DecDivide 4615A4
ClaRUN.dll:Cla$DecDivideR 4615A8
ClaRUN.dll:Cla$DecMul 4615AC
ClaRUN.dll:Cla$DecSub 4615B0
ClaRUN.dll:Cla$DecSubR 4615B4
ClaRUN.dll:Cla$DELETEqueue 4615B8,401060
ClaRUN.dll:Cla$DELETEREG 4615BC,401068
ClaRUN.dll:Cla$DESTROY 4615C0,401070
ClaRUN.dll:Cla$DInt 4615C4
ClaRUN.dll:Cla$DISABLE 4615C8,401078
ClaRUN.dll:Cla$DISPLAY 4615CC,401080
ClaRUN.dll:Cla$DISPOSEqueue 4615D0
ClaRUN.dll:Cla$DISPOSEref 4615D4
ClaRUN.dll:Cla$DISPOSEvref 4615D8
ClaRUN.dll:Cla$Dlongpower 4615DC
ClaRUN.dll:Cla$DPopDec 4615E0
ClaRUN.dll:Cla$DPopLong 4615E4
ClaRUN.dll:Cla$DPopReal 4615E8
ClaRUN.dll:Cla$DPopUlong 4615EC
ClaRUN.dll:Cla$DPushConstant 4615F0
ClaRUN.dll:Cla$DPushDec 4615F4
ClaRUN.dll:Cla$DPushLong 4615F8
ClaRUN.dll:Cla$DPushReal 4615FC
ClaRUN.dll:Cla$DPushULong 461600
ClaRUN.dll:Cla$DRound 461604
ClaRUN.dll:Cla$duplicate 461608
ClaRUN.dll:Cla$ENABLE 46160C,401088
ClaRUN.dll:Cla$EndEventLoop 461610
ClaRUN.dll:Cla$EndEventLoops 461614
ClaRUN.dll:Cla$ERRORCODE 461618,401090
ClaRUN.dll:Cla$ERRORFILE 46161C,401098
ClaRUN.dll:Cla$Evaluate 461620,4010A0
ClaRUN.dll:Cla$EVENT 461624,4010A8
ClaRUN.dll:Cla$FIELD 461628,4010B0
ClaRUN.dll:Cla$FILEDIALOG 46162C,4010B8
ClaRUN.dll:Cla$FILEERRORCODE 461630,4010C0
ClaRUN.dll:Cla$FILEERRORMSG 461634,4010C8
ClaRUN.dll:Cla$FileExists 461638,4010D0
ClaRUN.dll:Cla$FILE_ADDf 46163C
ClaRUN.dll:Cla$FILE_BUFFER 461640,4010D8
ClaRUN.dll:Cla$FILE_BUILDf 461644,4010E0
ClaRUN.dll:CLA$FILE_CALLBACK 461648,4010E8
ClaRUN.dll:Cla$FILE_CLEAR 46164C
ClaRUN.dll:Cla$FILE_CLOSE 461650,4010F0
ClaRUN.dll:Cla$FILE_CREATE 461654
ClaRUN.dll:Cla$FILE_DELETE 461658,4010F8
ClaRUN.dll:CLA$FILE_DESTROY 46165C
ClaRUN.dll:Cla$FILE_DUPLICATEk 461660,401100
ClaRUN.dll:Cla$FILE_FLUSH 461664,401108
ClaRUN.dll:CLA$FILE_FREESTATE 461668,401110
ClaRUN.dll:Cla$FILE_GETfk 46166C
ClaRUN.dll:Cla$FILE_GETfl 461670
ClaRUN.dll:Cla$FILE_GETNULLS 461674,401118
ClaRUN.dll:CLA$FILE_GETSTATE 461678,401120
ClaRUN.dll:Cla$FILE_GET_PROPERTY 46167C
ClaRUN.dll:Cla$FILE_NAME 461680,401128
ClaRUN.dll:Cla$FILE_NEXT 461684,401130
ClaRUN.dll:Cla$FILE_NOMEMO 461688,401138
ClaRUN.dll:Cla$FILE_PACK 46168C,401140
ClaRUN.dll:Cla$FILE_POSITIONf 461690,401148
ClaRUN.dll:Cla$FILE_POSITIONk 461694,401150
ClaRUN.dll:Cla$FILE_PREV 461698,401158
ClaRUN.dll:Cla$FILE_PUTf 46169C
ClaRUN.dll:Cla$FILE_RECORDSf 4616A0,401160
ClaRUN.dll:Cla$FILE_REGETf 4616A4,401168
ClaRUN.dll:Cla$FILE_REGETk 4616A8,401170
ClaRUN.dll:Cla$FILE_RESETf 4616AC,401178
ClaRUN.dll:Cla$FILE_RESETk 4616B0,401180
ClaRUN.dll:CLA$FILE_RESTORESTATE 4616B4,401188
ClaRUN.dll:Cla$FILE_SEND 4616B8,401190
ClaRUN.dll:Cla$FILE_SETf 4616BC,401198
ClaRUN.dll:Cla$FILE_SETk 4616C0,4011A0
ClaRUN.dll:Cla$FILE_SETkk 4616C4,4011A8
ClaRUN.dll:Cla$FILE_SETNULLS 4616C8,4011B0
ClaRUN.dll:Cla$FILE_SET_PROPERTY 4616CC
ClaRUN.dll:Cla$FILE_WATCH 4616D0,4011B8
ClaRUN.dll:Cla$FOCUS 4616D4,4011C0
ClaRUN.dll:Cla$FREEqueue 4616D8
ClaRUN.dll:Cla$FREEqueuea 4616DC,4011C8
ClaRUN.dll:Cla$freestr 4616E0
ClaRUN.dll:Cla$FreeUfo 4616E4
ClaRUN.dll:Cla$freewindow 4616E8
ClaRUN.dll:Cla$GETGROUP 4616EC,4011D0
ClaRUN.dll:Cla$GETINI 4616F0,4011D8
ClaRUN.dll:Cla$GETPOSITION 4616F4,4011E0
ClaRUN.dll:Cla$GetPropS 4616F8
ClaRUN.dll:Cla$GETqueuekey 4616FC,4011E8
ClaRUN.dll:Cla$GETqueueptr 461700
ClaRUN.dll:Cla$GETREG 461704,4011F0
ClaRUN.dll:Cla$Group2Ufo 461708
ClaRUN.dll:Cla$HALT 46170C,4011F8
ClaRUN.dll:Cla$HIDE 461710,401200
ClaRUN.dll:Cla$HOWMANY 461714,401208
ClaRUN.dll:Cla$init 461718
ClaRUN.dll:Cla$INSTANCE 46171C,401210
ClaRUN.dll:Cla$INT 461720
ClaRUN.dll:Cla$IsAlpha 461724,401218
ClaRUN.dll:Cla$isftolower 461728,401220
ClaRUN.dll:Cla$isftoupper 46172C,401228
ClaRUN.dll:Cla$ISGROUP 461730,401230
ClaRUN.dll:Cla$IsUfoString 461734,401238
ClaRUN.dll:Cla$KEYCODE 461738,401240
ClaRUN.dll:Cla$KEY_GET_PROPERTY 46173C
ClaRUN.dll:Cla$LASTFIELD 461740,401248
ClaRUN.dll:Cla$LINE 461744,401250
ClaRUN.dll:Cla$LOGOUT 461748,401258
ClaRUN.dll:Cla$LONGPATH 46174C,401260
ClaRUN.dll:Cla$longtostr 461750
ClaRUN.dll:Cla$Mem2Ufo 461754
ClaRUN.dll:Cla$MessageBox 461758,401268
ClaRUN.dll:Cla$modulus 46175C
ClaRUN.dll:Cla$MONTH 461760,401270
ClaRUN.dll:Cla$MOUSEX 461764,401278
ClaRUN.dll:Cla$MOUSEY 461768,401280
ClaRUN.dll:Cla$NewMemB 46176C
ClaRUN.dll:Cla$NewMemT 461770
ClaRUN.dll:Cla$NewMemZ 461774
ClaRUN.dll:Cla$NEWqueue 461778
ClaRUN.dll:Cla$NOTIFICATION 46177C,401288
ClaRUN.dll:Cla$OPENowned 461780,401290
ClaRUN.dll:Cla$OPENwindow 461784,401298
ClaRUN.dll:Cla$PEEK 461788
ClaRUN.dll:Cla$POINTERqueue 46178C,4012A0
ClaRUN.dll:Cla$PopAString 461790
ClaRUN.dll:Cla$PopBind 461794,4012A8
ClaRUN.dll:Cla$PopCString 461798
ClaRUN.dll:Cla$PopPString 46179C
ClaRUN.dll:Cla$PopReal 4617A0
ClaRUN.dll:Cla$PopString 4617A4
ClaRUN.dll:Cla$PopTemp 4617A8
ClaRUN.dll:Cla$POPUP 4617AC,4012B0
ClaRUN.dll:Cla$POST 4617B0,4012B8
ClaRUN.dll:Cla$PRESSKEY 4617B4,4012C0
ClaRUN.dll:Cla$PushAString 4617B8
ClaRUN.dll:Cla$PushBind 4617BC,4012C8
ClaRUN.dll:Cla$PushCString 4617C0
ClaRUN.dll:Cla$PushLong 4617C4
ClaRUN.dll:Cla$PushPictDec 4617C8
ClaRUN.dll:Cla$PushPictLong 4617CC
ClaRUN.dll:Cla$PushReal 4617D0
ClaRUN.dll:Cla$PushString 4617D4
ClaRUN.dll:Cla$PushTemp 4617D8
ClaRUN.dll:Cla$PushUfo 4617DC
ClaRUN.dll:Cla$PUTINI 4617E0,4012D0
ClaRUN.dll:Cla$PUTqueue 4617E4
ClaRUN.dll:Cla$PUTqueuekey 4617E8,4012D8
ClaRUN.dll:Cla$PUTREG 4617EC,4012E0
ClaRUN.dll:Cla$pwopen 4617F0,4012E8
ClaRUN.dll:Cla$realdistinct 4617F4
ClaRUN.dll:Cla$RECORDSqueue 4617F8,4012F0
ClaRUN.dll:Cla$RefAssignAny 4617FC
ClaRUN.dll:Cla$REGISTEREVENT 461800,4012F8
ClaRUN.dll:Cla$REGULAR 461804,401300
ClaRUN.dll:Cla$RemoveFile 461808,401308
ClaRUN.dll:Cla$ROLLBACK 46180C,401310
ClaRUN.dll:Cla$rterr 461810,401318
ClaRUN.dll:Cla$RUN 461814,401320
ClaRUN.dll:Cla$SELECT 461818,401328
ClaRUN.dll:Cla$SETCURSOR 46181C,401330
ClaRUN.dll:Cla$SETKEYCODE 461820,401338
ClaRUN.dll:Cla$SETPATH 461824,401340
ClaRUN.dll:Cla$SETPENCOLOR 461828,401348
ClaRUN.dll:Cla$SETPOSITION 46182C,401350
ClaRUN.dll:Cla$SetPropF 461830
ClaRUN.dll:Cla$SetPropS 461834
ClaRUN.dll:Cla$SetPropV 461838
ClaRUN.dll:Cla$SETTARGET 46183C,401358
ClaRUN.dll:Cla$SHORTPATH 461840,401360
ClaRUN.dll:Cla$SORTqueuefkey 461844
ClaRUN.dll:Cla$SORTqueuekey 461848,401368
ClaRUN.dll:Cla$Stack2DStack 46184C
ClaRUN.dll:Cla$Stack2Ufo 461850
ClaRUN.dll:Cla$StackALL 461854,401370
ClaRUN.dll:Cla$StackCLIP 461858,401378
ClaRUN.dll:Cla$StackCompare 46185C
ClaRUN.dll:Cla$StackCompareN 461860
ClaRUN.dll:Cla$StackCompareNEQ 461864
ClaRUN.dll:Cla$StackCompareR 461868
ClaRUN.dll:Cla$StackConcat 46186C
ClaRUN.dll:Cla$StackConcatR 461870
ClaRUN.dll:Cla$StackDEFORMAT2 461874
ClaRUN.dll:Cla$StackErrstr 461878,401380
ClaRUN.dll:Cla$StackFORMAT2 46187C
ClaRUN.dll:Cla$StackHeap 461880
ClaRUN.dll:Cla$StackINLIST 461884
ClaRUN.dll:Cla$StackINSTRING 461888,401388
ClaRUN.dll:Cla$StackLEFT 46188C,401390
ClaRUN.dll:Cla$StackLen 461890,401398
ClaRUN.dll:Cla$StackLOWER 461894,4013A0
ClaRUN.dll:Cla$StackNUMERIC 461898,4013A8
ClaRUN.dll:Cla$STACKpop 46189C
ClaRUN.dll:Cla$StackRIGHT 4618A0,4013B0
ClaRUN.dll:Cla$StackRotate 4618A4
ClaRUN.dll:Cla$StackSUB 4618A8,4013B8
ClaRUN.dll:Cla$StackUPPER 4618AC,4013C0
ClaRUN.dll:Cla$StackVAL 4618B0
ClaRUN.dll:Cla$START2 4618B4,4013C8
ClaRUN.dll:Cla$StartEventLoop 4618B8
ClaRUN.dll:Cla$storecstr 4618BC
ClaRUN.dll:Cla$storepstr 4618C0
ClaRUN.dll:Cla$storestr 4618C4
ClaRUN.dll:Cla$String2Ref 4618C8
ClaRUN.dll:Cla$THREAD 4618CC,4013D0
ClaRUN.dll:Cla$THREAD_FILE 4618D0
ClaRUN.dll:Cla$TODAY 4618D4,4013D8
ClaRUN.dll:Cla$Ufo2Real 4618D8
ClaRUN.dll:Cla$UfoCompareN 4618DC
ClaRUN.dll:Cla$Ufodistinct 4618E0
ClaRUN.dll:Cla$UNHIDE 4618E4,4013E0
ClaRUN.dll:Cla$UNREGISTEREVENT 4618E8,4013E8
ClaRUN.dll:Cla$UPDATE 4618EC,4013F0
ClaRUN.dll:Cla$VIEW_RESETvf 4618F0,4013F8
ClaRUN.dll:Cla$VIEW_SETvl 4618F4,401400
ClaRUN.dll:Cla$WHAT 4618F8,401408
ClaRUN.dll:Cla$WHOqueue 4618FC,401410
ClaRUN.dll:Cla$YEAR 461900,401418
ClaRUN.dll:Cla$YIELD 461904,401420
ClaRUN.dll:NewCriticalSection 461908,401428
ClaRUN.dll:THR$GetInstance 46190C,401430
ClaRUN.dll:VIEWDRIVER 461910
ClaRUN.dll:_exit 461914,401438
ClaRUN.dll:_free 461918
ClaRUN.dll:_malloc 46191C
ClaRUN.dll:_memchr 461920,401440
ClaRUN.dll:_memcmp 461924,401448
ClaRUN.dll:_memcpy 461928,401450
ClaRUN.dll:_memicmp 46192C,401458
ClaRUN.dll:_memmove 461930,401460
ClaRUN.dll:_memset 461934,401468
ClaRUN.dll:_rand 461938,401470
ClaRUN.dll:_srand 46193C,401478
ClaRUN.dll:__sysinit 461940,401480
ClaRUN.dll:__sysstart 461944,401488
ClaTPS.dll:TOPSPEED 461954
KERNEL32.dll:CloseHandle 461998,401490
KERNEL32.dll:CreateFileA 46199C,401498
KERNEL32.dll:FormatMessageA 4619A0,4014A0
KERNEL32.dll:GetCurrentProcessId 4619A4,4014A8
KERNEL32.dll:GetFileSize 4619A8,4014B0
KERNEL32.dll:GetLastError 4619AC,4014B8
KERNEL32.dll:GetProcAddress 4619B0,4014C0
KERNEL32.dll:LoadLibraryA 4619B4,4014C8
KERNEL32.dll:MultiByteToWideChar 4619B8,4014D0
KERNEL32.dll:OutputDebugStringA 4619BC,4014D8
KERNEL32.dll:ReadFile 4619C0,4014E0
KERNEL32.dll:SetFilePointer 4619C4,4014E8
KERNEL32.dll:WideCharToMultiByte 4619C8,4014F0
KERNEL32.dll:WriteFile 4619CC,4014F8
USER32.dll:GetSysColor 4619E0,401500
USER32.dll:InvalidateRect 4619E4,401508



Entry Point:   420BE0